?   	example.org/gosvm/full-swap/client	[no test files]
ok  	example.org/gosvm/full-swap	0.040s
ok  	example.org/gosvm/full-swap/model	0.321s
Built /Users/colkitt/sith/toys/crypto/goSVM/build/managed-swap/2026-10-06-managed-swap-compact-canonical/full-swap/build/program.so (68320 bytes, 12.825s)
Testing 29 compiled SBF scenarios with LiteSVM...
PASS create-deposit-swap-drain-close-reuse step 1 86742 CU
PASS create-deposit-swap-drain-close-reuse step 2 47858 CU
PASS create-deposit-swap-drain-close-reuse step 3 61869 CU
PASS create-deposit-swap-drain-close-reuse step 4 86742 CU
PASS create-deposit-swap-drain-close-reuse step 5 47858 CU
PASS create-deposit-swap-drain-close-reuse step 6 61869 CU
PASS create-zero-reserve step 1           28605 CU
PASS create-insufficient-tokens step 1    28611 CU
PASS create-mint-layout step 1            30872 CU
PASS create-mint-uninitialized step 1     30874 CU
PASS create-wallet-owner step 1           10809 CU
PASS create-pool-unsigned step 1          876 CU
PASS create-payer-unsigned step 1         882 CU
PASS create-target-readonly step 1        890 CU
PASS create-vault-alias step 1            2153 CU
PASS create-wrong-vault-bump step 1       14543 CU
PASS create-vault-already-funded step 1   31980 CU
PASS create-pool-already-funded step 1    1734 CU
PASS create-insufficient-lamports-after-pool step 1 37325 CU
PASS create-second-deposit-frozen-rolls-back step 1 82996 CU
PASS create-token-program-substitution step 1 983 CU
PASS close-wrong-creator step 1           16338 CU
PASS close-unsigned-creator step 1        657 CU
PASS close-vault-substitution step 1      14283 CU
PASS close-refund-token-authority step 1  16338 CU
PASS close-second-refund-frozen step 1    43944 CU
PASS close-second-vault-close-authority step 1 54553 CU
PASS close-lamport-overflow step 1        52298 CU
PASS swap-slippage-after-create step 1    25627 CU
PASS atomic-create-bad-swap-rollback step 1 112368 CU
PASS atomic-close-bad-recreate-rollback step 1 90473 CU
PASS close-empty-frozen-vaults step 1     41177 CU
PASS current-rent-lifecycle-0 step 1      86688 CU
PASS current-rent-lifecycle-0 step 2      61869 CU
PASS current-rent-lifecycle-1 step 1      85004 CU
PASS current-rent-lifecycle-1 step 2      61869 CU
