?   	example.org/gosvm-benchmarks/whirlpool/client	[no test files]
=== RUN   TestGeneratedSharedStep
--- PASS: TestGeneratedSharedStep (0.00s)
=== RUN   TestGeneratedSharedStep
--- PASS: TestGeneratedSharedStep (0.00s)
=== RUN   TestGeneratedSharedStep
--- PASS: TestGeneratedSharedStep (0.00s)
PASS
ok  	example.org/gosvm-benchmarks/whirlpool	0.019s
?   	example.org/gosvm-benchmarks/whirlpool/model	[no test files]
?   	example.org/gosvm-benchmarks/whirlpool/probe	[no test files]
=== RUN   TestOptimizedMulDiv
--- PASS: TestOptimizedMulDiv (0.13s)
=== RUN   TestPinnedRustMath
    reference_test.go:43: 3085 exact upstream math vectors
--- PASS: TestPinnedRustMath (0.04s)
=== RUN   TestOptimizationRustMath
    reference_test.go:44: 12212 exact upstream math vectors
--- PASS: TestOptimizationRustMath (0.16s)
=== RUN   TestWideOptimizationRustMath
    reference_test.go:46: 4084 exact upstream math vectors
--- PASS: TestWideOptimizationRustMath (0.05s)
=== RUN   TestWideAgainstBigIntegers
--- PASS: TestWideAgainstBigIntegers (0.03s)
=== RUN   TestWideBoundaries
--- PASS: TestWideBoundaries (0.00s)
=== RUN   TestBoundedDivisionAgainstBig
--- PASS: TestBoundedDivisionAgainstBig (0.25s)
=== RUN   TestNormalizedDivisionAgainstBig
--- PASS: TestNormalizedDivisionAgainstBig (0.54s)
=== RUN   TestOptimizedMulDiv
--- PASS: TestOptimizedMulDiv (0.09s)
=== RUN   TestPinnedRustMath
    reference_test.go:43: 3085 exact upstream math vectors
--- PASS: TestPinnedRustMath (0.04s)
=== RUN   TestOptimizationRustMath
    reference_test.go:44: 12212 exact upstream math vectors
--- PASS: TestOptimizationRustMath (0.15s)
=== RUN   TestWideOptimizationRustMath
    reference_test.go:46: 4084 exact upstream math vectors
--- PASS: TestWideOptimizationRustMath (0.06s)
=== RUN   TestWideAgainstBigIntegers
--- PASS: TestWideAgainstBigIntegers (0.03s)
=== RUN   TestWideBoundaries
--- PASS: TestWideBoundaries (0.00s)
=== RUN   TestBoundedDivisionAgainstBig
--- PASS: TestBoundedDivisionAgainstBig (0.19s)
=== RUN   TestNormalizedDivisionAgainstBig
--- PASS: TestNormalizedDivisionAgainstBig (0.77s)
=== RUN   TestOptimizedMulDiv
--- PASS: TestOptimizedMulDiv (0.08s)
=== RUN   TestPinnedRustMath
    reference_test.go:43: 3085 exact upstream math vectors
--- PASS: TestPinnedRustMath (0.04s)
=== RUN   TestOptimizationRustMath
    reference_test.go:44: 12212 exact upstream math vectors
--- PASS: TestOptimizationRustMath (0.14s)
=== RUN   TestWideOptimizationRustMath
    reference_test.go:46: 4084 exact upstream math vectors
--- PASS: TestWideOptimizationRustMath (0.06s)
=== RUN   TestWideAgainstBigIntegers
--- PASS: TestWideAgainstBigIntegers (0.04s)
=== RUN   TestWideBoundaries
--- PASS: TestWideBoundaries (0.00s)
=== RUN   TestBoundedDivisionAgainstBig
--- PASS: TestBoundedDivisionAgainstBig (0.19s)
=== RUN   TestNormalizedDivisionAgainstBig
--- PASS: TestNormalizedDivisionAgainstBig (0.51s)
PASS
ok  	example.org/gosvm-benchmarks/whirlpool/math	3.619s
=== RUN   TestApplyRechecksPreviouslyValidatedArrays
--- PASS: TestApplyRechecksPreviouslyValidatedArrays (0.00s)
=== RUN   TestPinnedRustSwapManager
    reference_test.go:100: 104 exact upstream swap states; 230 initialized tick crossings
--- PASS: TestPinnedRustSwapManager (0.25s)
=== RUN   TestApplyRechecksPreviouslyValidatedArrays
--- PASS: TestApplyRechecksPreviouslyValidatedArrays (0.00s)
=== RUN   TestPinnedRustSwapManager
    reference_test.go:100: 104 exact upstream swap states; 230 initialized tick crossings
--- PASS: TestPinnedRustSwapManager (0.19s)
=== RUN   TestApplyRechecksPreviouslyValidatedArrays
--- PASS: TestApplyRechecksPreviouslyValidatedArrays (0.00s)
=== RUN   TestPinnedRustSwapManager
    reference_test.go:100: 104 exact upstream swap states; 230 initialized tick crossings
--- PASS: TestPinnedRustSwapManager (0.22s)
PASS
ok  	example.org/gosvm-benchmarks/whirlpool/swap	0.691s
=== RUN   TestLastTickAndSignedBytes
--- PASS: TestLastTickAndSignedBytes (0.00s)
=== RUN   TestLastTickAndSignedBytes
--- PASS: TestLastTickAndSignedBytes (0.00s)
=== RUN   TestLastTickAndSignedBytes
--- PASS: TestLastTickAndSignedBytes (0.00s)
PASS
ok  	example.org/gosvm-benchmarks/whirlpool/wire	0.019s
