Testing 108 compiled SBF scenarios with LiteSVM...
PASS wide-swap step 1                     56897 CU
PASS no-accounts step 1                   29 CU
PASS missing-account step 1               378 CU
PASS extra-account step 1                 890 CU
PASS account-limit step 1                 6 CU
PASS long-pool step 1                     1469 CU
PASS pool-discriminator step 1            1483 CU
PASS instruction-discriminator step 1     425 CU
PASS pool-owner step 1                    468 CU
PASS pool-readonly step 1                 431 CU
PASS pool-length step 1                   1469 CU
PASS no-signer step 1                     435 CU
PASS fake-program step 1                  457 CU
PASS alias step 1                         1662 CU
PASS vault-substitute step 1              15265 CU
PASS token-owner step 1                   3868 CU
PASS token-length step 1                  12419 CU
PASS token-readonly step 1                447 CU
PASS uninitialized step 1                 4188 CU
PASS native-token step 1                  4190 CU
PASS mint step 1                          16958 CU
PASS same-mint step 1                     16605 CU
PASS user-authority step 1                17311 CU
PASS vault-authority step 1               17893 CU
PASS pda step 1                           21582 CU
PASS bump step 1                          21244 CU
PASS input-frozen step 1                  40700 CU
PASS output-frozen step 1                 54251 CU
PASS short-ix step 1                      421 CU
PASS long-ix step 1                       421 CU
PASS zero-input step 1                    30809 CU
PASS empty-pool step 1                    30810 CU
PASS input-overflow step 1                30814 CU
PASS insufficient-input step 1            30816 CU
PASS fee-rounding-zero step 1             30852 CU
PASS slippage step 1                      30969 CU
PASS output-overflow step 1               30971 CU
PASS counter-overflow step 1              30973 CU
PASS maximum-input step 1                 56879 CU
PASS near-limit-reserve step 1            56875 CU
PASS small-swap step 1                    56809 CU
PASS random-00 step 1                     56900 CU
PASS random-01 step 1                     56905 CU
PASS random-02 step 1                     56884 CU
PASS random-03 step 1                     56884 CU
PASS random-04 step 1                     56905 CU
PASS random-05 step 1                     56884 CU
PASS random-06 step 1                     56884 CU
PASS random-07 step 1                     56897 CU
PASS random-08 step 1                     56884 CU
PASS random-09 step 1                     56884 CU
PASS random-10 step 1                     56909 CU
PASS random-11 step 1                     56896 CU
PASS random-12 step 1                     56888 CU
PASS random-13 step 1                     56884 CU
PASS random-14 step 1                     56896 CU
PASS random-15 step 1                     56888 CU
PASS random-16 step 1                     56884 CU
PASS random-17 step 1                     56884 CU
PASS random-18 step 1                     56888 CU
PASS random-19 step 1                     56893 CU
PASS random-20 step 1                     56888 CU
PASS random-21 step 1                     56888 CU
PASS random-22 step 1                     56884 CU
PASS random-23 step 1                     56880 CU
PASS random-24 step 1                     56905 CU
PASS random-25 step 1                     56880 CU
PASS random-26 step 1                     56919 CU
PASS random-27 step 1                     56908 CU
PASS random-28 step 1                     56889 CU
PASS random-29 step 1                     56880 CU
PASS random-30 step 1                     56889 CU
PASS random-31 step 1                     56905 CU
PASS random-32 step 1                     56892 CU
PASS random-33 step 1                     56904 CU
PASS random-34 step 1                     56884 CU
PASS random-35 step 1                     56880 CU
PASS random-36 step 1                     56884 CU
PASS random-37 step 1                     56884 CU
PASS random-38 step 1                     56888 CU
PASS random-39 step 1                     56885 CU
PASS random-40 step 1                     56888 CU
PASS random-41 step 1                     56892 CU
PASS random-42 step 1                     56888 CU
PASS random-43 step 1                     56888 CU
PASS random-44 step 1                     56913 CU
PASS random-45 step 1                     56880 CU
PASS random-46 step 1                     56893 CU
PASS random-47 step 1                     56888 CU
PASS random-48 step 1                     56888 CU
PASS random-49 step 1                     56884 CU
PASS random-50 step 1                     56897 CU
PASS random-51 step 1                     56880 CU
PASS random-52 step 1                     56896 CU
PASS random-53 step 1                     56888 CU
PASS random-54 step 1                     56884 CU
PASS random-55 step 1                     56897 CU
PASS random-56 step 1                     56892 CU
PASS random-57 step 1                     56896 CU
PASS random-58 step 1                     56884 CU
PASS random-59 step 1                     56884 CU
PASS random-60 step 1                     56912 CU
PASS random-61 step 1                     56884 CU
PASS random-62 step 1                     56893 CU
PASS random-63 step 1                     56892 CU
PASS stateful-swaps-and-atomic-rollback step 1 56897 CU
PASS stateful-swaps-and-atomic-rollback step 2 56892 CU
PASS stateful-swaps-and-atomic-rollback step 3 87706 CU
PASS override-foreign-owner step 1        468 CU
PASS after-override-isolated step 1       56897 CU
