
Relocation section '.rel.dyn' at offset 0xadf0 contains 19 entries:
    Offset             Info             Type               Symbol's Value  Symbol's Name
0000000000001620  000000020000000a R_SBF_64_32            0000000000000000 abort
0000000000001a20  000000020000000a R_SBF_64_32            0000000000000000 abort
0000000000002568  000000020000000a R_SBF_64_32            0000000000000000 abort
0000000000002b58  000000020000000a R_SBF_64_32            0000000000000000 abort
00000000000030a8  000000020000000a R_SBF_64_32            0000000000000000 abort
0000000000005690  000000020000000a R_SBF_64_32            0000000000000000 abort
0000000000005d30  000000020000000a R_SBF_64_32            0000000000000000 abort
0000000000005f18  000000020000000a R_SBF_64_32            0000000000000000 abort
0000000000006188  000000020000000a R_SBF_64_32            0000000000000000 abort
0000000000009168  000000020000000a R_SBF_64_32            0000000000000000 abort
0000000000009590  000000020000000a R_SBF_64_32            0000000000000000 abort
0000000000009658  000000020000000a R_SBF_64_32            0000000000000000 abort
0000000000009898  000000020000000a R_SBF_64_32            0000000000000000 abort
0000000000009aa0  000000020000000a R_SBF_64_32            0000000000000000 abort
0000000000009da0  000000020000000a R_SBF_64_32            0000000000000000 abort
000000000000a470  000000020000000a R_SBF_64_32            0000000000000000 abort
0000000000001a58  000000030000000a R_SBF_64_32            0000000000000000 sol_get_clock_sysvar
0000000000002148  000000040000000a R_SBF_64_32            0000000000000000 sol_create_program_address
000000000000aad8  000000050000000a R_SBF_64_32            0000000000000000 sol_invoke_signed_c

Symbol table '.dynsym' contains 6 entries:
   Num:    Value          Size Type    Bind   Vis       Ndx Name
     0: 0000000000000000     0 NOTYPE  LOCAL  DEFAULT   UND 
     1: 00000000000002d8  4944 FUNC    GLOBAL DEFAULT     1 entrypoint
     2: 0000000000000000     0 NOTYPE  GLOBAL DEFAULT   UND abort
     3: 0000000000000000     0 NOTYPE  GLOBAL DEFAULT   UND sol_get_clock_sysvar
     4: 0000000000000000     0 NOTYPE  GLOBAL DEFAULT   UND sol_create_program_address
     5: 0000000000000000     0 NOTYPE  GLOBAL DEFAULT   UND sol_invoke_signed_c
