?   	example.org/gosvm/full-swap/client	[no test files]
ok  	example.org/gosvm/full-swap	0.013s
ok  	example.org/gosvm/full-swap/model	0.261s
Built /Users/colkitt/sith/toys/crypto/goSVM/build/managed-swap/2026-10-06-managed-swap-return-data-final/full-swap/build/program.so (68352 bytes, 15.589s)
Testing 29 compiled SBF scenarios with LiteSVM...
PASS create-deposit-swap-drain-close-reuse step 1 86750 CU
PASS create-deposit-swap-drain-close-reuse step 2 47860 CU
PASS create-deposit-swap-drain-close-reuse step 3 61881 CU
PASS create-deposit-swap-drain-close-reuse step 4 86750 CU
PASS create-deposit-swap-drain-close-reuse step 5 47860 CU
PASS create-deposit-swap-drain-close-reuse step 6 61881 CU
PASS create-zero-reserve step 1           28605 CU
PASS create-insufficient-tokens step 1    28611 CU
PASS create-mint-layout step 1            30872 CU
PASS create-mint-uninitialized step 1     30874 CU
PASS create-wallet-owner step 1           10809 CU
PASS create-pool-unsigned step 1          876 CU
PASS create-payer-unsigned step 1         882 CU
PASS create-target-readonly step 1        890 CU
PASS create-vault-alias step 1            2153 CU
PASS create-wrong-vault-bump step 1       14543 CU
PASS create-vault-already-funded step 1   31980 CU
PASS create-pool-already-funded step 1    1734 CU
PASS create-insufficient-lamports-after-pool step 1 37330 CU
PASS create-second-deposit-frozen-rolls-back step 1 83004 CU
PASS create-token-program-substitution step 1 983 CU
PASS close-wrong-creator step 1           16338 CU
PASS close-unsigned-creator step 1        657 CU
PASS close-vault-substitution step 1      14283 CU
PASS close-refund-token-authority step 1  16338 CU
PASS close-second-refund-frozen step 1    43950 CU
PASS close-second-vault-close-authority step 1 54562 CU
PASS close-lamport-overflow step 1        52307 CU
PASS swap-slippage-after-create step 1    25627 CU
PASS atomic-create-bad-swap-rollback step 1 112376 CU
PASS atomic-close-bad-recreate-rollback step 1 90485 CU
PASS close-empty-frozen-vaults step 1     41183 CU
PASS current-rent-lifecycle-0 step 1      86696 CU
PASS current-rent-lifecycle-0 step 2      61881 CU
PASS current-rent-lifecycle-1 step 1      85012 CU
PASS current-rent-lifecycle-1 step 2      61881 CU
