Testing 142 compiled SBF scenarios with LiteSVM...
PASS quote-000 step 1                     353 CU
PASS quote-001 step 1                     353 CU
PASS quote-002 step 1                     353 CU
PASS quote-003 step 1                     353 CU
PASS quote-004 step 1                     353 CU
PASS quote-005 step 1                     353 CU
PASS quote-006 step 1                     353 CU
PASS quote-007 step 1                     287 CU
PASS quote-008 step 1                     353 CU
PASS quote-009 step 1                     353 CU
PASS quote-010 step 1                     353 CU
PASS quote-011 step 1                     287 CU
PASS quote-012 step 1                     353 CU
PASS quote-013 step 1                     353 CU
PASS quote-014 step 1                     353 CU
PASS quote-015 step 1                     353 CU
PASS quote-016 step 1                     353 CU
PASS quote-017 step 1                     353 CU
PASS quote-018 step 1                     353 CU
PASS quote-019 step 1                     353 CU
PASS quote-020 step 1                     353 CU
PASS quote-021 step 1                     287 CU
PASS quote-022 step 1                     353 CU
PASS quote-023 step 1                     353 CU
PASS quote-024 step 1                     353 CU
PASS quote-025 step 1                     287 CU
PASS quote-026 step 1                     353 CU
PASS quote-027 step 1                     287 CU
PASS quote-028 step 1                     353 CU
PASS quote-029 step 1                     353 CU
PASS quote-030 step 1                     353 CU
PASS quote-031 step 1                     287 CU
PASS quote-032 step 1                     353 CU
PASS quote-033 step 1                     287 CU
PASS quote-034 step 1                     353 CU
PASS quote-035 step 1                     287 CU
PASS quote-036 step 1                     353 CU
PASS quote-037 step 1                     353 CU
PASS quote-038 step 1                     353 CU
PASS quote-039 step 1                     287 CU
PASS quote-040 step 1                     353 CU
PASS quote-041 step 1                     353 CU
PASS quote-042 step 1                     353 CU
PASS quote-043 step 1                     287 CU
PASS quote-044 step 1                     353 CU
PASS quote-045 step 1                     287 CU
PASS quote-046 step 1                     353 CU
PASS quote-047 step 1                     353 CU
PASS quote-048 step 1                     353 CU
PASS quote-049 step 1                     287 CU
PASS quote-050 step 1                     353 CU
PASS quote-051 step 1                     287 CU
PASS quote-052 step 1                     353 CU
PASS quote-053 step 1                     353 CU
PASS quote-054 step 1                     353 CU
PASS quote-055 step 1                     287 CU
PASS quote-056 step 1                     353 CU
PASS quote-057 step 1                     353 CU
PASS quote-058 step 1                     353 CU
PASS quote-059 step 1                     353 CU
PASS quote-060 step 1                     353 CU
PASS quote-061 step 1                     353 CU
PASS quote-062 step 1                     353 CU
PASS quote-063 step 1                     353 CU
PASS quote-064 step 1                     353 CU
PASS quote-065 step 1                     353 CU
PASS quote-066 step 1                     353 CU
PASS quote-067 step 1                     353 CU
PASS quote-068 step 1                     353 CU
PASS quote-069 step 1                     287 CU
PASS quote-070 step 1                     353 CU
PASS quote-071 step 1                     353 CU
PASS quote-072 step 1                     353 CU
PASS quote-073 step 1                     353 CU
PASS quote-074 step 1                     353 CU
PASS quote-075 step 1                     353 CU
PASS quote-076 step 1                     353 CU
PASS quote-077 step 1                     353 CU
PASS quote-078 step 1                     353 CU
PASS quote-079 step 1                     287 CU
PASS quote-080 step 1                     353 CU
PASS quote-081 step 1                     287 CU
PASS quote-082 step 1                     353 CU
PASS quote-083 step 1                     287 CU
PASS quote-084 step 1                     353 CU
PASS quote-085 step 1                     287 CU
PASS quote-086 step 1                     353 CU
PASS quote-087 step 1                     353 CU
PASS quote-088 step 1                     353 CU
PASS quote-089 step 1                     353 CU
PASS quote-090 step 1                     353 CU
PASS quote-091 step 1                     287 CU
PASS quote-092 step 1                     353 CU
PASS quote-093 step 1                     353 CU
PASS quote-094 step 1                     353 CU
PASS quote-095 step 1                     353 CU
PASS quote-096 step 1                     353 CU
PASS quote-097 step 1                     353 CU
PASS quote-098 step 1                     353 CU
PASS quote-099 step 1                     287 CU
PASS quote-100 step 1                     353 CU
PASS quote-101 step 1                     353 CU
PASS quote-102 step 1                     353 CU
PASS quote-103 step 1                     353 CU
PASS quote-104 step 1                     353 CU
PASS quote-105 step 1                     353 CU
PASS quote-106 step 1                     353 CU
PASS quote-107 step 1                     287 CU
PASS quote-108 step 1                     353 CU
PASS quote-109 step 1                     287 CU
PASS quote-110 step 1                     353 CU
PASS quote-111 step 1                     353 CU
PASS quote-112 step 1                     353 CU
PASS quote-113 step 1                     287 CU
PASS quote-114 step 1                     353 CU
PASS quote-115 step 1                     287 CU
PASS quote-116 step 1                     353 CU
PASS quote-117 step 1                     353 CU
PASS quote-118 step 1                     353 CU
PASS quote-119 step 1                     353 CU
PASS quote-120 step 1                     353 CU
PASS quote-121 step 1                     353 CU
PASS quote-122 step 1                     353 CU
PASS quote-123 step 1                     353 CU
PASS quote-124 step 1                     353 CU
PASS quote-125 step 1                     287 CU
PASS quote-126 step 1                     353 CU
PASS quote-127 step 1                     287 CU
PASS zero-x step 1                        267 CU
PASS zero-y step 1                        269 CU
PASS zero-input step 1                    272 CU
PASS bound-x step 1                       277 CU
PASS over-y step 1                        274 CU
PASS max-valid step 1                     353 CU
PASS max-sequence step 1                  279 CU
PASS last-sequence step 1                 353 CU
PASS slippage step 1                      287 CU
PASS max-input step 1                     277 CU
PASS max-x step 1                         273 CU
PASS client-wire-vector step 1            353 CU
PASS successful-swap-then-slippage-rollback step 1 640 CU
PASS successful-swap-then-zero-input-rollback step 1 625 CU
