   Compiling proc-macro2 v1.0.107
   Compiling unicode-ident v1.0.26
   Compiling quote v1.0.47
   Compiling version_check v0.9.5
   Compiling serde_core v1.0.229
   Compiling serde v1.0.229
   Compiling generic-array v0.14.7
   Compiling syn v1.0.109
   Compiling hashbrown v0.16.1
   Compiling equivalent v1.0.2
   Compiling syn v3.0.6
   Compiling indexmap v2.13.0
   Compiling winnow v0.7.15
   Compiling cfg-if v1.0.5
   Compiling toml_datetime v0.6.11
   Compiling typenum v1.20.1
   Compiling zmij v1.0.23
   Compiling serde_derive v1.0.229
   Compiling toml_edit v0.22.27
   Compiling zerocopy v0.8.59
   Compiling ahash v0.8.12
   Compiling five8_core v0.1.2
   Compiling autocfg v1.5.1
   Compiling num-traits v0.2.19
   Compiling bytemuck_derive v1.12.1
   Compiling proc-macro-crate v3.3.0
   Compiling block-buffer v0.10.4
   Compiling crypto-common v0.1.7
   Compiling borsh-derive-internal v0.10.4
   Compiling cfg_aliases v0.2.2
   Compiling solana-define-syscall v2.3.0
   Compiling serde_json v1.0.151
   Compiling once_cell v1.21.4
   Compiling borsh v1.8.1
   Compiling digest v0.10.7
   Compiling bytemuck v1.25.2
   Compiling toml v0.5.11
   Compiling five8 v0.2.1
   Compiling borsh-schema-derive-internal v0.10.4
   Compiling solana-atomic-u64 v2.2.1
   Compiling solana-sanitize v2.2.1
   Compiling solana-hash v2.3.0
   Compiling borsh-derive v1.8.1
   Compiling proc-macro-crate v0.1.5
   Compiling sha2 v0.10.9
   Compiling borsh-derive v0.10.4
   Compiling solana-sha256-hasher v2.3.0
   Compiling solana-decode-error v2.3.0
   Compiling five8_const v0.1.4
   Compiling syn v2.0.119
   Compiling bs58 v0.5.1
   Compiling hashbrown v0.13.2
   Compiling itoa v1.0.18
   Compiling memchr v2.8.3
   Compiling borsh v0.10.4
   Compiling bincode v1.3.3
   Compiling solana-pubkey v2.4.0
   Compiling solana-instruction v2.3.3
   Compiling solana-sdk-ids v2.2.1
   Compiling libc v0.2.190
   Compiling anyhow v1.0.104
   Compiling thiserror v1.0.69
   Compiling solana-sysvar-id v2.2.1
   Compiling unicode-segmentation v1.12.0
   Compiling cpufeatures v0.2.17
   Compiling heck v0.3.3
   Compiling solana-msg v2.2.1
   Compiling solana-program-error v2.2.2
   Compiling solana-program-memory v2.3.1
   Compiling feature-probe v0.1.1
   Compiling solana-account-info v2.3.0
   Compiling bv v0.11.1
   Compiling solana-stable-layout v2.2.1
   Compiling solana-system-interface v1.0.0
   Compiling thiserror-impl v1.0.69
   Compiling solana-sdk-macro v2.2.1
   Compiling solana-clock v2.2.3
   Compiling solana-cpi v2.2.1
   Compiling solana-program-entrypoint v2.3.0
   Compiling solana-serialize-utils v2.2.1
   Compiling log v0.4.34
   Compiling rustversion v1.0.23
   Compiling solana-fee-calculator v2.2.1
   Compiling solana-instructions-sysvar v2.2.2
   Compiling anchor-syn v0.32.2
   Compiling solana-stake-interface v1.2.1
   Compiling solana-last-restart-slot v2.2.1
   Compiling solana-rent v2.2.1
   Compiling solana-slot-history v2.2.1
   Compiling solana-epoch-schedule v2.2.1
   Compiling solana-epoch-rewards v2.2.1
   Compiling anchor-lang-idl-spec v0.1.0
   Compiling solana-slot-hashes v2.2.1
   Compiling shlex v2.0.1
   Compiling lazy_static v1.5.1
   Compiling find-msvc-tools v0.1.14
   Compiling thiserror v2.0.21
   Compiling cc v1.6.0
   Compiling anchor-lang-idl v0.1.4
   Compiling solana-sysvar v2.3.0
   Compiling num_enum_derive v0.7.6
   Compiling solana-program-pack v2.2.1
   Compiling thiserror-impl v2.0.21
   Compiling serde_bytes v0.11.19
   Compiling arrayref v0.3.9
   Compiling solana-program-option v2.2.1
   Compiling anchor-attribute-constant v0.32.2
   Compiling anchor-derive-serde v0.32.2
   Compiling anchor-derive-accounts v0.32.2
   Compiling anchor-attribute-account v0.32.2
   Compiling anchor-attribute-event v0.32.2
   Compiling anchor-attribute-program v0.32.2
   Compiling anchor-attribute-access-control v0.32.2
   Compiling anchor-attribute-error v0.32.2
   Compiling solana-loader-v3-interface v3.0.0
   Compiling num_enum v0.7.6
   Compiling blake3 v1.8.2
   Compiling solana-invoke v0.4.0
   Compiling num-derive v0.4.2
   Compiling solana-feature-gate-interface v2.2.2
   Compiling anchor-derive-space v0.32.2
   Compiling base64 v0.21.7
   Compiling constant_time_eq v0.3.1
   Compiling anchor-lang v0.32.2
   Compiling arrayvec v0.7.8
   Compiling spl-token v8.0.0
   Compiling zeroize v1.8.1
   Compiling anchor-spl v0.32.2
   Compiling anchor-token-bench v0.1.0 (/Users/colkitt/sith/toys/crypto/goSVM/benchmarks/anchor/token)
      Timing report saved to /Users/colkitt/sith/toys/crypto/goSVM/build/anchor/bench-token-anchor-target/cargo-timings/cargo-timing-20261005T012126Z.html
    Finished `release` profile [optimized] target(s) in 2m 34s
