?   	example.org/gosvm/full-swap	[no test files]
?   	example.org/gosvm/full-swap/client	[no test files]
ok  	example.org/gosvm/full-swap/model	(cached)
Built /Users/colkitt/sith/toys/crypto/goSVM/build/framework-swap/2026-10-05-framework-swap-lifecycle-sdk/full-swap/build/program.so (21536 bytes, 1.373s)
Testing 13 compiled SBF scenarios with LiteSVM...
PASS wide-swap step 1                     45941 CU
PASS pool-owner step 1                    675 CU
PASS no-signer step 1                     642 CU
PASS alias step 1                         1842 CU
PASS vault-substitute step 1              13892 CU
PASS token-owner step 1                   4081 CU
PASS mint step 1                          15585 CU
PASS pda step 1                           20209 CU
PASS bump step 1                          19871 CU
PASS input-frozen step 1                  32121 CU
PASS output-frozen step 1                 43297 CU
PASS input-overflow step 1                24609 CU
PASS stateful-swaps-and-atomic-rollback step 1 45941 CU
PASS stateful-swaps-and-atomic-rollback step 2 45936 CU
PASS stateful-swaps-and-atomic-rollback step 3 70545 CU
