Testing 165 compiled SBF scenarios with LiteSVM...
PASS move-wide-000 step 1                 4863 CU
PASS move-wide-001 step 1                 4863 CU
PASS move-wide-002 step 1                 4863 CU
PASS move-wide-003 step 1                 4863 CU
PASS move-wide-004 step 1                 4863 CU
PASS move-wide-005 step 1                 4863 CU
PASS move-wide-006 step 1                 4863 CU
PASS move-wide-007 step 1                 4863 CU
PASS move-wide-008 step 1                 4863 CU
PASS move-wide-009 step 1                 4863 CU
PASS move-wide-010 step 1                 4863 CU
PASS move-wide-011 step 1                 4863 CU
PASS move-wide-012 step 1                 4863 CU
PASS move-wide-013 step 1                 4863 CU
PASS move-wide-014 step 1                 4863 CU
PASS move-wide-015 step 1                 4863 CU
PASS move-wide-016 step 1                 4863 CU
PASS move-wide-017 step 1                 4863 CU
PASS move-wide-018 step 1                 4863 CU
PASS move-wide-019 step 1                 4863 CU
PASS move-wide-020 step 1                 4863 CU
PASS move-wide-021 step 1                 4863 CU
PASS move-wide-022 step 1                 4863 CU
PASS move-wide-023 step 1                 4863 CU
PASS move-wide-024 step 1                 4863 CU
PASS move-wide-025 step 1                 4863 CU
PASS move-wide-026 step 1                 4863 CU
PASS move-wide-027 step 1                 4863 CU
PASS move-wide-028 step 1                 4863 CU
PASS move-wide-029 step 1                 4863 CU
PASS move-wide-030 step 1                 4863 CU
PASS move-wide-031 step 1                 4863 CU
PASS move-wide-032 step 1                 4863 CU
PASS move-wide-033 step 1                 4863 CU
PASS move-wide-034 step 1                 4863 CU
PASS move-wide-035 step 1                 4863 CU
PASS move-wide-036 step 1                 4863 CU
PASS move-wide-037 step 1                 4863 CU
PASS move-wide-038 step 1                 4863 CU
PASS move-wide-039 step 1                 4863 CU
PASS move-wide-040 step 1                 4863 CU
PASS move-wide-041 step 1                 4863 CU
PASS move-wide-042 step 1                 4863 CU
PASS move-wide-043 step 1                 4863 CU
PASS move-wide-044 step 1                 4863 CU
PASS move-wide-045 step 1                 4863 CU
PASS move-wide-046 step 1                 4863 CU
PASS move-wide-047 step 1                 4863 CU
PASS move-wide-048 step 1                 4863 CU
PASS move-wide-049 step 1                 4863 CU
PASS move-wide-050 step 1                 4863 CU
PASS move-wide-051 step 1                 4863 CU
PASS move-wide-052 step 1                 4863 CU
PASS move-wide-053 step 1                 4863 CU
PASS move-wide-054 step 1                 4863 CU
PASS move-wide-055 step 1                 4863 CU
PASS move-wide-056 step 1                 4863 CU
PASS move-wide-057 step 1                 4863 CU
PASS move-wide-058 step 1                 4863 CU
PASS move-wide-059 step 1                 4863 CU
PASS move-wide-060 step 1                 4863 CU
PASS move-wide-061 step 1                 4863 CU
PASS move-wide-062 step 1                 4863 CU
PASS move-wide-063 step 1                 4863 CU
PASS move-wide-064 step 1                 4863 CU
PASS move-wide-065 step 1                 4863 CU
PASS move-wide-066 step 1                 4863 CU
PASS move-wide-067 step 1                 4863 CU
PASS move-wide-068 step 1                 4863 CU
PASS move-wide-069 step 1                 4863 CU
PASS move-wide-070 step 1                 4863 CU
PASS move-wide-071 step 1                 4863 CU
PASS move-wide-072 step 1                 4863 CU
PASS move-wide-073 step 1                 4863 CU
PASS move-wide-074 step 1                 4863 CU
PASS move-wide-075 step 1                 4863 CU
PASS move-wide-076 step 1                 4863 CU
PASS move-wide-077 step 1                 4863 CU
PASS move-wide-078 step 1                 4863 CU
PASS move-wide-079 step 1                 4863 CU
PASS move-wide-080 step 1                 4863 CU
PASS move-wide-081 step 1                 4863 CU
PASS move-wide-082 step 1                 4863 CU
PASS move-wide-083 step 1                 4863 CU
PASS move-wide-084 step 1                 4863 CU
PASS move-wide-085 step 1                 4863 CU
PASS move-wide-086 step 1                 4863 CU
PASS move-wide-087 step 1                 4863 CU
PASS move-wide-088 step 1                 4863 CU
PASS move-wide-089 step 1                 4863 CU
PASS move-wide-090 step 1                 4863 CU
PASS move-wide-091 step 1                 4863 CU
PASS move-wide-092 step 1                 4863 CU
PASS move-wide-093 step 1                 4863 CU
PASS move-wide-094 step 1                 4863 CU
PASS move-wide-095 step 1                 4863 CU
PASS move-wide-096 step 1                 4863 CU
PASS move-wide-097 step 1                 4863 CU
PASS move-wide-098 step 1                 4863 CU
PASS move-wide-099 step 1                 4863 CU
PASS move-wide-100 step 1                 4863 CU
PASS move-wide-101 step 1                 4863 CU
PASS move-wide-102 step 1                 4863 CU
PASS move-wide-103 step 1                 4863 CU
PASS move-wide-104 step 1                 4863 CU
PASS move-wide-105 step 1                 4863 CU
PASS move-wide-106 step 1                 4863 CU
PASS move-wide-107 step 1                 4863 CU
PASS move-wide-108 step 1                 4863 CU
PASS move-wide-109 step 1                 4863 CU
PASS move-wide-110 step 1                 4863 CU
PASS move-wide-111 step 1                 4863 CU
PASS move-wide-112 step 1                 4863 CU
PASS move-wide-113 step 1                 4863 CU
PASS move-wide-114 step 1                 4863 CU
PASS move-wide-115 step 1                 4863 CU
PASS move-wide-116 step 1                 4863 CU
PASS move-wide-117 step 1                 4863 CU
PASS move-wide-118 step 1                 4863 CU
PASS move-wide-119 step 1                 4863 CU
PASS move-wide-120 step 1                 4863 CU
PASS move-wide-121 step 1                 4863 CU
PASS move-wide-122 step 1                 4863 CU
PASS move-wide-123 step 1                 4863 CU
PASS move-wide-124 step 1                 4863 CU
PASS move-wide-125 step 1                 4863 CU
PASS move-wide-126 step 1                 4863 CU
PASS move-wide-127 step 1                 4863 CU
PASS set-limit-wide step 1                1733 CU
PASS zero step 1                          4184 CU
PASS limit step 1                         4184 CU
PASS insufficient step 1                  4180 CU
PASS destination-overflow step 1          4178 CU
PASS source-counter step 1                4186 CU
PASS destination-counter step 1           4187 CU
PASS no-accounts step 1                   31 CU
PASS few-accounts step 1                  184 CU
PASS extra-account step 1                 696 CU
PASS readonly-0 step 1                    237 CU
PASS readonly-1 step 1                    241 CU
PASS missing-signature step 1             247 CU
PASS owner step 1                         260 CU
PASS source-short step 1                  2158 CU
PASS source-long step 1                   2158 CU
PASS source-tag step 1                    2163 CU
PASS destination-short step 1             2464 CU
PASS destination-long step 1              2464 CU
PASS destination-tag step 1               2470 CU
PASS policy-short step 1                  2775 CU
PASS policy-long step 1                   2775 CU
PASS policy-tag step 1                    2780 CU
PASS duplicate-vault step 1               1860 CU
PASS duplicate-policy-before-layout step 1 1867 CU
PASS source-authority step 1              3481 CU
PASS destination-authority step 1         3802 CU
PASS instruction-short step 1             223 CU
PASS instruction-long step 1              231 CU
PASS instruction-unknown step 1           230 CU
PASS instruction-before-count step 1      21 CU
PASS privileges-before-owner step 1       237 CU
PASS owner-before-alias step 1            674 CU
PASS set-limit-then-move-merged-privileges step 1 6595 CU
PASS set-limit-then-failed-move-atomic-rollback step 1 5916 CU
PASS move-then-invalid-dispatch-atomic-rollback step 1 5086 CU
PASS ordered-stateful-transactions step 1 1733 CU
PASS ordered-stateful-transactions step 2 4863 CU
