Testing 114 compiled SBF scenarios with LiteSVM...
PASS mode-0-wide-00 step 1                24780 CU
PASS mode-0-wide-01 step 1                24780 CU
PASS mode-0-wide-02 step 1                24780 CU
PASS mode-0-wide-03 step 1                24780 CU
PASS mode-0-wide-04 step 1                24780 CU
PASS mode-0-wide-05 step 1                24780 CU
PASS mode-0-wide-06 step 1                24780 CU
PASS mode-0-wide-07 step 1                24780 CU
PASS mode-0-wide-08 step 1                24780 CU
PASS mode-0-wide-09 step 1                24780 CU
PASS mode-0-wide-10 step 1                24780 CU
PASS mode-0-wide-11 step 1                24780 CU
PASS mode-0-wide-12 step 1                24780 CU
PASS mode-0-wide-13 step 1                24780 CU
PASS mode-0-wide-14 step 1                24780 CU
PASS mode-0-wide-15 step 1                24780 CU
PASS mode-0-wide-16 step 1                24780 CU
PASS mode-0-wide-17 step 1                24780 CU
PASS mode-0-wide-18 step 1                24780 CU
PASS mode-0-wide-19 step 1                24780 CU
PASS mode-0-wide-20 step 1                24780 CU
PASS mode-0-wide-21 step 1                24780 CU
PASS mode-0-wide-22 step 1                24780 CU
PASS mode-0-wide-23 step 1                24780 CU
PASS mode-0-wide-24 step 1                24780 CU
PASS mode-0-wide-25 step 1                24780 CU
PASS mode-0-wide-26 step 1                24780 CU
PASS mode-0-wide-27 step 1                24780 CU
PASS mode-0-wide-28 step 1                24780 CU
PASS mode-0-wide-29 step 1                24780 CU
PASS mode-0-wide-30 step 1                24780 CU
PASS mode-0-wide-31 step 1                24780 CU
PASS mode-1-wide-00 step 1                36989 CU
PASS mode-1-wide-01 step 1                36989 CU
PASS mode-1-wide-02 step 1                36989 CU
PASS mode-1-wide-03 step 1                36989 CU
PASS mode-1-wide-04 step 1                36989 CU
PASS mode-1-wide-05 step 1                36989 CU
PASS mode-1-wide-06 step 1                36989 CU
PASS mode-1-wide-07 step 1                36989 CU
PASS mode-1-wide-08 step 1                36989 CU
PASS mode-1-wide-09 step 1                36989 CU
PASS mode-1-wide-10 step 1                36989 CU
PASS mode-1-wide-11 step 1                36989 CU
PASS mode-1-wide-12 step 1                36989 CU
PASS mode-1-wide-13 step 1                36989 CU
PASS mode-1-wide-14 step 1                36989 CU
PASS mode-1-wide-15 step 1                36989 CU
PASS mode-1-wide-16 step 1                36989 CU
PASS mode-1-wide-17 step 1                36989 CU
PASS mode-1-wide-18 step 1                36989 CU
PASS mode-1-wide-19 step 1                36989 CU
PASS mode-1-wide-20 step 1                36989 CU
PASS mode-1-wide-21 step 1                36989 CU
PASS mode-1-wide-22 step 1                36989 CU
PASS mode-1-wide-23 step 1                36989 CU
PASS mode-1-wide-24 step 1                36989 CU
PASS mode-1-wide-25 step 1                36989 CU
PASS mode-1-wide-26 step 1                36989 CU
PASS mode-1-wide-27 step 1                36989 CU
PASS mode-1-wide-28 step 1                36989 CU
PASS mode-1-wide-29 step 1                36989 CU
PASS mode-1-wide-30 step 1                36989 CU
PASS mode-1-wide-31 step 1                36989 CU
PASS mode-3-wide-00 step 1                33323 CU
PASS mode-3-wide-01 step 1                33323 CU
PASS mode-3-wide-02 step 1                33323 CU
PASS mode-3-wide-03 step 1                33323 CU
PASS mode-3-wide-04 step 1                33323 CU
PASS mode-3-wide-05 step 1                33323 CU
PASS mode-3-wide-06 step 1                33323 CU
PASS mode-3-wide-07 step 1                33323 CU
PASS mode-3-wide-08 step 1                33323 CU
PASS mode-3-wide-09 step 1                33323 CU
PASS mode-3-wide-10 step 1                33323 CU
PASS mode-3-wide-11 step 1                33323 CU
PASS mode-3-wide-12 step 1                33323 CU
PASS mode-3-wide-13 step 1                33323 CU
PASS mode-3-wide-14 step 1                33323 CU
PASS mode-3-wide-15 step 1                33323 CU
PASS mode-3-wide-16 step 1                33323 CU
PASS mode-3-wide-17 step 1                33323 CU
PASS mode-3-wide-18 step 1                33323 CU
PASS mode-3-wide-19 step 1                33323 CU
PASS mode-3-wide-20 step 1                33323 CU
PASS mode-3-wide-21 step 1                33323 CU
PASS mode-3-wide-22 step 1                33323 CU
PASS mode-3-wide-23 step 1                33323 CU
PASS mode-3-wide-24 step 1                33323 CU
PASS mode-3-wide-25 step 1                33323 CU
PASS mode-3-wide-26 step 1                33323 CU
PASS mode-3-wide-27 step 1                33323 CU
PASS mode-3-wide-28 step 1                33323 CU
PASS mode-3-wide-29 step 1                33323 CU
PASS mode-3-wide-30 step 1                33323 CU
PASS mode-3-wide-31 step 1                33323 CU
PASS mode-0-zero step 1                   24875 CU
PASS mode-1-zero step 1                   37084 CU
PASS mode-3-zero step 1                   33418 CU
PASS failed-second-cpi-rollback step 1    39083 CU
PASS insufficient-real-cpi step 1         18654 CU
PASS overflow-real-cpi step 1             18892 CU
PASS missing-signature-helper step 1      12129 CU
PASS frozen-first-cpi step 1              18646 CU
PASS bad-source-108 step 1                792 CU
PASS bad-source-109 step 1                794 CU
PASS bad-source-0 step 1                  11443 CU
PASS bad-source-32 step 1                 11810 CU
PASS short-token step 1                   443 CU
PASS bad-PDA-bump step 1                  10871 CU
PASS generic-System-transfer-1 step 1     2739 CU
PASS generic-System-transfer-1000 step 1  2739 CU
PASS generic-System-transfer-9000000 step 1 2739 CU
PASS successful-transfer-then-invalid-dispatch-rollback step 1 30202 CU
