
/Users/colkitt/sith/toys/crypto/goSVM/results/compiler/2026-10-06-multi3-sbf/v0-helper.o:	file format elf64-sbf

Disassembly of section .text:

0000000000000000 <__multi3>:
       0: 2f 43 00 00 00 00 00 00      	mul64 r3, r4
       8: bf 27 00 00 00 00 00 00      	mov64 r7, r2
      10: 77 07 00 00 20 00 00 00      	rsh64 r7, 0x20
      18: bf 46 00 00 00 00 00 00      	mov64 r6, r4
      20: 77 06 00 00 20 00 00 00      	rsh64 r6, 0x20
      28: bf 60 00 00 00 00 00 00      	mov64 r0, r6
      30: 2f 70 00 00 00 00 00 00      	mul64 r0, r7
      38: 0f 30 00 00 00 00 00 00      	add64 r0, r3
      40: 2f 25 00 00 00 00 00 00      	mul64 r5, r2
      48: 0f 50 00 00 00 00 00 00      	add64 r0, r5
      50: 67 04 00 00 20 00 00 00      	lsh64 r4, 0x20
      58: 77 04 00 00 20 00 00 00      	rsh64 r4, 0x20
      60: bf 45 00 00 00 00 00 00      	mov64 r5, r4
      68: 2f 75 00 00 00 00 00 00      	mul64 r5, r7
      70: 67 02 00 00 20 00 00 00      	lsh64 r2, 0x20
      78: 77 02 00 00 20 00 00 00      	rsh64 r2, 0x20
      80: 2f 24 00 00 00 00 00 00      	mul64 r4, r2
      88: bf 43 00 00 00 00 00 00      	mov64 r3, r4
      90: 77 03 00 00 20 00 00 00      	rsh64 r3, 0x20
      98: 0f 53 00 00 00 00 00 00      	add64 r3, r5
      a0: bf 35 00 00 00 00 00 00      	mov64 r5, r3
      a8: 77 05 00 00 20 00 00 00      	rsh64 r5, 0x20
      b0: 0f 50 00 00 00 00 00 00      	add64 r0, r5
      b8: 2f 26 00 00 00 00 00 00      	mul64 r6, r2
      c0: 67 03 00 00 20 00 00 00      	lsh64 r3, 0x20
      c8: 77 03 00 00 20 00 00 00      	rsh64 r3, 0x20
      d0: 0f 63 00 00 00 00 00 00      	add64 r3, r6
      d8: bf 32 00 00 00 00 00 00      	mov64 r2, r3
      e0: 77 02 00 00 20 00 00 00      	rsh64 r2, 0x20
      e8: 0f 20 00 00 00 00 00 00      	add64 r0, r2
      f0: 7b 01 08 00 00 00 00 00      	stxdw [r1 + 0x8], r0
      f8: 67 03 00 00 20 00 00 00      	lsh64 r3, 0x20
     100: 67 04 00 00 20 00 00 00      	lsh64 r4, 0x20
     108: 77 04 00 00 20 00 00 00      	rsh64 r4, 0x20
     110: 4f 43 00 00 00 00 00 00      	or64 r3, r4
     118: 7b 31 00 00 00 00 00 00      	stxdw [r1 + 0x0], r3
     120: 95 00 00 00 00 00 00 00      	exit
