
/Users/colkitt/sith/toys/crypto/goSVM/results/compiler/2026-10-06-multi3-sbf/v3-helper.o:	file format elf64-sbf

Disassembly of section .text:

0000000000000000 <__multi3>:
       0: 07 0a 00 00 00 00 00 00      	add64 r10, 0x0
       8: 9e 43 00 00 00 00 00 00      	lmul64 r3, r4
      10: bf 27 00 00 00 00 00 00      	mov64 r7, r2
      18: 77 07 00 00 20 00 00 00      	rsh64 r7, 0x20
      20: bf 46 00 00 00 00 00 00      	mov64 r6, r4
      28: 77 06 00 00 20 00 00 00      	rsh64 r6, 0x20
      30: bf 60 00 00 00 00 00 00      	mov64 r0, r6
      38: 9e 70 00 00 00 00 00 00      	lmul64 r0, r7
      40: 0f 30 00 00 00 00 00 00      	add64 r0, r3
      48: 9e 25 00 00 00 00 00 00      	lmul64 r5, r2
      50: 0f 50 00 00 00 00 00 00      	add64 r0, r5
      58: 67 04 00 00 20 00 00 00      	lsh64 r4, 0x20
      60: 77 04 00 00 20 00 00 00      	rsh64 r4, 0x20
      68: bf 45 00 00 00 00 00 00      	mov64 r5, r4
      70: 9e 75 00 00 00 00 00 00      	lmul64 r5, r7
      78: 67 02 00 00 20 00 00 00      	lsh64 r2, 0x20
      80: 77 02 00 00 20 00 00 00      	rsh64 r2, 0x20
      88: 9e 24 00 00 00 00 00 00      	lmul64 r4, r2
      90: bf 43 00 00 00 00 00 00      	mov64 r3, r4
      98: 77 03 00 00 20 00 00 00      	rsh64 r3, 0x20
      a0: 0f 53 00 00 00 00 00 00      	add64 r3, r5
      a8: bf 35 00 00 00 00 00 00      	mov64 r5, r3
      b0: 77 05 00 00 20 00 00 00      	rsh64 r5, 0x20
      b8: 0f 50 00 00 00 00 00 00      	add64 r0, r5
      c0: 9e 26 00 00 00 00 00 00      	lmul64 r6, r2
      c8: 67 03 00 00 20 00 00 00      	lsh64 r3, 0x20
      d0: 77 03 00 00 20 00 00 00      	rsh64 r3, 0x20
      d8: 0f 63 00 00 00 00 00 00      	add64 r3, r6
      e0: bf 32 00 00 00 00 00 00      	mov64 r2, r3
      e8: 77 02 00 00 20 00 00 00      	rsh64 r2, 0x20
      f0: 0f 20 00 00 00 00 00 00      	add64 r0, r2
      f8: 9f 01 08 00 00 00 00 00      	stxdw [r1 + 0x8], r0
     100: 67 03 00 00 20 00 00 00      	lsh64 r3, 0x20
     108: 67 04 00 00 20 00 00 00      	lsh64 r4, 0x20
     110: 77 04 00 00 20 00 00 00      	rsh64 r4, 0x20
     118: 4f 43 00 00 00 00 00 00      	or64 r3, r4
     120: 9f 31 00 00 00 00 00 00      	stxdw [r1 + 0x0], r3
     128: 9d 00 00 00 00 00 00 00      	return
