panic: transaction exceeds Solana packet limit

goroutine 1 [running]:
main.encode({{0x1400010c4c0, 0x40}, {0x14000090650, 0x1, 0x1}, {0x14000114150, 0x2c}, 0x155cc0, {0x140000aa640, 0x1, ...}})
	example.org/gosvm-benchmarks/token-2022-transaction-maker/main.go:198 +0x15bc
main.main()
	example.org/gosvm-benchmarks/token-2022-transaction-maker/main.go:210 +0x160
Traceback (most recent call last):
  File "/Users/colkitt/sith/toys/crypto/goSVM-benchmarks/scripts/run_phoenix_suite.py", line 122, in <module>
    if __name__=='__main__':main()
                            ~~~~^^
  File "/Users/colkitt/sith/toys/crypto/goSVM-benchmarks/scripts/run_phoenix_suite.py", line 80, in main
    tx=encode(dict(payer_seed=fixture['payer_seed'],signer_seeds=fixture.get('signer_seeds',[]),blockhash=blockhash,limit=args.limit,instructions=instructions))
  File "/Users/colkitt/sith/toys/crypto/goSVM-benchmarks/scripts/run_phoenix_suite.py", line 55, in encode
    maker.stdin.write(json.dumps(body)+'\n');maker.stdin.flush();return json.loads(maker.stdout.readline())
                                                                        ~~~~~~~~~~^^^^^^^^^^^^^^^^^^^^^^^^^
  File "/opt/homebrew/Cellar/python@3.14/3.14.6/Frameworks/Python.framework/Versions/3.14/lib/python3.14/json/__init__.py", line 352, in loads
    return _default_decoder.decode(s)
           ~~~~~~~~~~~~~~~~~~~~~~~^^^
  File "/opt/homebrew/Cellar/python@3.14/3.14.6/Frameworks/Python.framework/Versions/3.14/lib/python3.14/json/decoder.py", line 345, in decode
    obj, end = self.raw_decode(s, idx=_w(s, 0).end())
               ~~~~~~~~~~~~~~~^^^^^^^^^^^^^^^^^^^^^^^
  File "/opt/homebrew/Cellar/python@3.14/3.14.6/Frameworks/Python.framework/Versions/3.14/lib/python3.14/json/decoder.py", line 363, in raw_decode
    raise JSONDecodeError("Expecting value", s, err.value) from None
json.decoder.JSONDecodeError: Expecting value: line 1 column 1 (char 0)
