[2026-10-04T22:41:17.223726000Z WARN  cargo_build_sbf] Package 'protocol-bench' has two crate types defined: cdylib and lib. This setting precludes link-time optimizations (LTO). Use cdylib for programs to be deployed and rlib for packages to be imported by other programs as libraries.
   Compiling proc-macro2 v1.0.107
   Compiling quote v1.0.47
   Compiling unicode-ident v1.0.24
   Compiling serde_core v1.0.229
   Compiling version_check v0.9.5
   Compiling generic-array v0.14.7
   Compiling serde v1.0.229
   Compiling equivalent v1.0.2
   Compiling hashbrown v0.16.1
   Compiling typenum v1.20.1
   Compiling syn v3.0.4
   Compiling indexmap v2.13.0
   Compiling cfg-if v1.0.4
   Compiling toml_datetime v0.6.11
   Compiling winnow v0.7.15
   Compiling cfg_aliases v0.2.2
   Compiling borsh v1.8.1
   Compiling crypto-common v0.1.7
   Compiling block-buffer v0.10.4
   Compiling once_cell v1.21.4
   Compiling autocfg v1.5.1
   Compiling subtle v2.6.1
   Compiling syn v1.0.109
   Compiling solana-define-syscall v2.3.0
   Compiling digest v0.10.7
   Compiling five8_core v0.1.2
   Compiling zerocopy v0.8.56
   Compiling toml_edit v0.22.27
   Compiling serde_derive v1.0.229
   Compiling proc-macro-crate v3.3.0
   Compiling ahash v0.8.12
   Compiling toml v0.5.11
   Compiling borsh-derive v1.8.1
   Compiling bytemuck_derive v1.12.0
   Compiling five8 v0.2.1
   Compiling solana-atomic-u64 v2.2.1
   Compiling solana-sanitize v2.2.1
   Compiling bytemuck v1.25.2
   Compiling proc-macro-crate v0.1.5
   Compiling borsh-schema-derive-internal v0.10.4
   Compiling borsh-derive-internal v0.10.4
   Compiling num-traits v0.2.19
   Compiling borsh-derive v0.10.4
   Compiling sha2 v0.10.9
   Compiling solana-hash v2.3.0
   Compiling solana-sha256-hasher v2.3.0
   Compiling solana-decode-error v2.3.0
   Compiling five8_const v0.1.4
   Compiling zmij v1.0.23
   Compiling serde_json v1.0.151
   Compiling memchr v2.8.3
   Compiling itoa v1.0.18
   Compiling bincode v1.3.3
   Compiling syn v2.0.119
   Compiling bs58 v0.5.1
   Compiling solana-msg v2.2.1
   Compiling solana-program-memory v2.3.1
   Compiling shlex v2.0.1
   Compiling find-msvc-tools v0.1.11
   Compiling cc v1.4.4
   Compiling hashbrown v0.13.2
   Compiling feature-probe v0.1.1
   Compiling bv v0.11.1
   Compiling borsh v0.10.4
   Compiling blake3 v1.8.2
   Compiling serde_bytes v0.11.19
   Compiling log v0.4.34
   Compiling thiserror v2.0.20
   Compiling constant_time_eq v0.3.1
   Compiling arrayref v0.3.9
   Compiling arrayvec v0.7.8
   Compiling solana-fee-calculator v2.2.1
   Compiling solana-pubkey v2.4.0
   Compiling solana-instruction v2.3.3
   Compiling solana-sdk-ids v2.2.1
   Compiling solana-program-error v2.2.2
   Compiling solana-sysvar-id v2.2.1
   Compiling solana-system-interface v1.0.0
   Compiling solana-sdk-macro v2.2.1
   Compiling solana-account-info v2.3.0
   Compiling solana-stable-layout v2.2.1
   Compiling solana-serialize-utils v2.2.1
   Compiling solana-cpi v2.2.1
   Compiling solana-slot-hashes v2.2.1
   Compiling solana-short-vec v2.2.1
   Compiling thiserror-impl v2.0.20
   Compiling solana-clock v2.2.3
   Compiling solana-rent v2.2.1
   Compiling memoffset v0.9.1
   Compiling keccak v0.1.6
   Compiling lazy_static v1.5.0
   Compiling sha3 v0.10.9
   Compiling solana-stake-interface v1.2.1
   Compiling solana-account v2.2.1
   Compiling solana-epoch-schedule v2.2.1
   Compiling solana-epoch-rewards v2.2.1
   Compiling solana-last-restart-slot v2.2.1
   Compiling solana-instructions-sysvar v2.2.2
   Compiling solana-program-entrypoint v2.3.0
   Compiling num-derive v0.4.2
   Compiling solana-slot-history v2.2.1
   Compiling solana-bincode v2.2.1
   Compiling solana-transaction-error v2.2.1
   Compiling solana-serde-varint v2.2.2
   Compiling solana-vote-interface v2.2.6
   Compiling solana-message v2.4.0
   Compiling solana-sysvar v2.3.0
   Compiling solana-secp256k1-recover v2.2.1
   Compiling solana-feature-gate-interface v2.2.2
   Compiling solana-keccak-hasher v2.2.1
   Compiling solana-address-lookup-table-interface v2.2.2
   Compiling solana-loader-v3-interface v5.0.0
   Compiling solana-loader-v4-interface v2.2.1
   Compiling solana-program-pack v2.2.1
   Compiling solana-loader-v2-interface v2.2.1
   Compiling solana-nonce v2.2.1
   Compiling solana-blake3-hasher v2.2.1
   Compiling solana-borsh v2.2.1
   Compiling solana-big-mod-exp v2.2.1
   Compiling getrandom v0.2.17
   Compiling solana-program-option v2.2.1
   Compiling solana-native-token v2.3.0
   Compiling zeroize v1.8.1
   Compiling solana-program v2.3.0
   Compiling protocol-bench v0.1.0 (/Users/colkitt/sith/toys/crypto/goSVM/benchmarks/protocol/rust)
      Timing report saved to /Users/colkitt/sith/toys/crypto/goSVM/build/protocol/sbf-target/cargo-timings/cargo-timing-20261004T224118Z.html
    Finished `release` profile [optimized] target(s) in 6m 47s
