Testing 108 compiled SBF scenarios with LiteSVM...
PASS wide-swap step 1                     20329 CU
PASS no-accounts step 1                   20 CU
PASS missing-account step 1               369 CU
PASS extra-account step 1                 881 CU
PASS account-limit step 1                 6 CU
PASS long-pool step 1                     422 CU
PASS pool-discriminator step 1            427 CU
PASS instruction-discriminator step 1     431 CU
PASS pool-owner step 1                    441 CU
PASS pool-readonly step 1                 725 CU
PASS pool-length step 1                   422 CU
PASS no-signer step 1                     730 CU
PASS fake-program step 1                  735 CU
PASS alias step 1                         2107 CU
PASS vault-substitute step 1              1665 CU
PASS token-owner step 1                   2242 CU
PASS token-length step 1                  3143 CU
PASS token-readonly step 1                2839 CU
PASS uninitialized step 1                 2527 CU
PASS native-token step 1                  2530 CU
PASS mint step 1                          4331 CU
PASS same-mint step 1                     3674 CU
PASS user-authority step 1                4621 CU
PASS vault-authority step 1               5489 CU
PASS pda step 1                           7322 CU
PASS bump step 1                          7306 CU
PASS input-frozen step 1                  13840 CU
PASS output-frozen step 1                 19932 CU
PASS short-ix step 1                      420 CU
PASS long-ix step 1                       420 CU
PASS zero-input step 1                    7834 CU
PASS empty-pool step 1                    7836 CU
PASS input-overflow step 1                7841 CU
PASS insufficient-input step 1            7864 CU
PASS fee-rounding-zero step 1             7904 CU
PASS slippage step 1                      8040 CU
PASS output-overflow step 1               8065 CU
PASS counter-overflow step 1              8092 CU
PASS maximum-input step 1                 20311 CU
PASS near-limit-reserve step 1            20307 CU
PASS small-swap step 1                    20241 CU
PASS random-00 step 1                     20332 CU
PASS random-01 step 1                     20338 CU
PASS random-02 step 1                     20316 CU
PASS random-03 step 1                     20316 CU
PASS random-04 step 1                     20337 CU
PASS random-05 step 1                     20316 CU
PASS random-06 step 1                     20316 CU
PASS random-07 step 1                     20329 CU
PASS random-08 step 1                     20316 CU
PASS random-09 step 1                     20316 CU
PASS random-10 step 1                     20341 CU
PASS random-11 step 1                     20328 CU
PASS random-12 step 1                     20320 CU
PASS random-13 step 1                     20316 CU
PASS random-14 step 1                     20328 CU
PASS random-15 step 1                     20320 CU
PASS random-16 step 1                     20316 CU
PASS random-17 step 1                     20316 CU
PASS random-18 step 1                     20320 CU
PASS random-19 step 1                     20325 CU
PASS random-20 step 1                     20320 CU
PASS random-21 step 1                     20320 CU
PASS random-22 step 1                     20316 CU
PASS random-23 step 1                     20312 CU
PASS random-24 step 1                     20337 CU
PASS random-25 step 1                     20312 CU
PASS random-26 step 1                     20354 CU
PASS random-27 step 1                     20340 CU
PASS random-28 step 1                     20321 CU
PASS random-29 step 1                     20312 CU
PASS random-30 step 1                     20321 CU
PASS random-31 step 1                     20338 CU
PASS random-32 step 1                     20324 CU
PASS random-33 step 1                     20336 CU
PASS random-34 step 1                     20316 CU
PASS random-35 step 1                     20312 CU
PASS random-36 step 1                     20316 CU
PASS random-37 step 1                     20316 CU
PASS random-38 step 1                     20320 CU
PASS random-39 step 1                     20317 CU
PASS random-40 step 1                     20320 CU
PASS random-41 step 1                     20324 CU
PASS random-42 step 1                     20320 CU
PASS random-43 step 1                     20320 CU
PASS random-44 step 1                     20345 CU
PASS random-45 step 1                     20312 CU
PASS random-46 step 1                     20326 CU
PASS random-47 step 1                     20320 CU
PASS random-48 step 1                     20320 CU
PASS random-49 step 1                     20316 CU
PASS random-50 step 1                     20329 CU
PASS random-51 step 1                     20312 CU
PASS random-52 step 1                     20328 CU
PASS random-53 step 1                     20320 CU
PASS random-54 step 1                     20316 CU
PASS random-55 step 1                     20330 CU
PASS random-56 step 1                     20324 CU
PASS random-57 step 1                     20328 CU
PASS random-58 step 1                     20316 CU
PASS random-59 step 1                     20316 CU
PASS random-60 step 1                     20344 CU
PASS random-61 step 1                     20316 CU
PASS random-62 step 1                     20326 CU
PASS random-63 step 1                     20324 CU
PASS stateful-swaps-and-atomic-rollback step 1 20329 CU
PASS stateful-swaps-and-atomic-rollback step 2 20324 CU
PASS stateful-swaps-and-atomic-rollback step 3 28163 CU
PASS override-foreign-owner step 1        441 CU
PASS after-override-isolated step 1       20329 CU
