internal/goarch
unsafe
internal/abi
internal/unsafeheader
internal/cpu
internal/bytealg
internal/chacha8rand
internal/coverage/rtcov
internal/godebugs
internal/goexperiment
internal/goos
runtime/internal/atomic
runtime/internal/math
runtime/internal/sys
runtime
internal/reflectlite
errors
internal/itoa
math/bits
math
unicode/utf8
strconv
internal/race
sync/atomic
sync
unicode
reflect
cmp
slices
sort
internal/fmtsort
io
internal/oserror
syscall
internal/syscall/unix
time
internal/poll
internal/safefilepath
internal/syscall/execenv
internal/testlog
path
io/fs
os
fmt
strings
encoding/hex
bytes
encoding
encoding/binary
encoding/base64
unicode/utf16
encoding/json
example.org/gosvm/full-swap/model
example.org/gosvm/full-swap/client
flag
independent.example/full-swap-service
