Testing 117 compiled SBF scenarios with LiteSVM...
PASS mode-0-wide-00 step 1                18475 CU
PASS mode-0-wide-01 step 1                18475 CU
PASS mode-0-wide-02 step 1                18475 CU
PASS mode-0-wide-03 step 1                18475 CU
PASS mode-0-wide-04 step 1                18475 CU
PASS mode-0-wide-05 step 1                18475 CU
PASS mode-0-wide-06 step 1                18475 CU
PASS mode-0-wide-07 step 1                18475 CU
PASS mode-0-wide-08 step 1                18475 CU
PASS mode-0-wide-09 step 1                18475 CU
PASS mode-0-wide-10 step 1                18475 CU
PASS mode-0-wide-11 step 1                18475 CU
PASS mode-0-wide-12 step 1                18475 CU
PASS mode-0-wide-13 step 1                18475 CU
PASS mode-0-wide-14 step 1                18475 CU
PASS mode-0-wide-15 step 1                18475 CU
PASS mode-0-wide-16 step 1                18475 CU
PASS mode-0-wide-17 step 1                18475 CU
PASS mode-0-wide-18 step 1                18475 CU
PASS mode-0-wide-19 step 1                18475 CU
PASS mode-0-wide-20 step 1                18475 CU
PASS mode-0-wide-21 step 1                18475 CU
PASS mode-0-wide-22 step 1                18475 CU
PASS mode-0-wide-23 step 1                18475 CU
PASS mode-0-wide-24 step 1                18475 CU
PASS mode-0-wide-25 step 1                18475 CU
PASS mode-0-wide-26 step 1                18475 CU
PASS mode-0-wide-27 step 1                18475 CU
PASS mode-0-wide-28 step 1                18475 CU
PASS mode-0-wide-29 step 1                18475 CU
PASS mode-0-wide-30 step 1                18475 CU
PASS mode-0-wide-31 step 1                18475 CU
PASS mode-1-wide-00 step 1                30698 CU
PASS mode-1-wide-01 step 1                30698 CU
PASS mode-1-wide-02 step 1                30698 CU
PASS mode-1-wide-03 step 1                30698 CU
PASS mode-1-wide-04 step 1                30698 CU
PASS mode-1-wide-05 step 1                30698 CU
PASS mode-1-wide-06 step 1                30698 CU
PASS mode-1-wide-07 step 1                30698 CU
PASS mode-1-wide-08 step 1                30698 CU
PASS mode-1-wide-09 step 1                30698 CU
PASS mode-1-wide-10 step 1                30698 CU
PASS mode-1-wide-11 step 1                30698 CU
PASS mode-1-wide-12 step 1                30698 CU
PASS mode-1-wide-13 step 1                30698 CU
PASS mode-1-wide-14 step 1                30698 CU
PASS mode-1-wide-15 step 1                30698 CU
PASS mode-1-wide-16 step 1                30698 CU
PASS mode-1-wide-17 step 1                30698 CU
PASS mode-1-wide-18 step 1                30698 CU
PASS mode-1-wide-19 step 1                30698 CU
PASS mode-1-wide-20 step 1                30698 CU
PASS mode-1-wide-21 step 1                30698 CU
PASS mode-1-wide-22 step 1                30698 CU
PASS mode-1-wide-23 step 1                30698 CU
PASS mode-1-wide-24 step 1                30698 CU
PASS mode-1-wide-25 step 1                30698 CU
PASS mode-1-wide-26 step 1                30698 CU
PASS mode-1-wide-27 step 1                30698 CU
PASS mode-1-wide-28 step 1                30698 CU
PASS mode-1-wide-29 step 1                30698 CU
PASS mode-1-wide-30 step 1                30698 CU
PASS mode-1-wide-31 step 1                30698 CU
PASS mode-3-wide-00 step 1                31142 CU
PASS mode-3-wide-01 step 1                31142 CU
PASS mode-3-wide-02 step 1                31142 CU
PASS mode-3-wide-03 step 1                31142 CU
PASS mode-3-wide-04 step 1                31142 CU
PASS mode-3-wide-05 step 1                31142 CU
PASS mode-3-wide-06 step 1                31142 CU
PASS mode-3-wide-07 step 1                31142 CU
PASS mode-3-wide-08 step 1                31142 CU
PASS mode-3-wide-09 step 1                31142 CU
PASS mode-3-wide-10 step 1                31142 CU
PASS mode-3-wide-11 step 1                31142 CU
PASS mode-3-wide-12 step 1                31142 CU
PASS mode-3-wide-13 step 1                31142 CU
PASS mode-3-wide-14 step 1                31142 CU
PASS mode-3-wide-15 step 1                31142 CU
PASS mode-3-wide-16 step 1                31142 CU
PASS mode-3-wide-17 step 1                31142 CU
PASS mode-3-wide-18 step 1                31142 CU
PASS mode-3-wide-19 step 1                31142 CU
PASS mode-3-wide-20 step 1                31142 CU
PASS mode-3-wide-21 step 1                31142 CU
PASS mode-3-wide-22 step 1                31142 CU
PASS mode-3-wide-23 step 1                31142 CU
PASS mode-3-wide-24 step 1                31142 CU
PASS mode-3-wide-25 step 1                31142 CU
PASS mode-3-wide-26 step 1                31142 CU
PASS mode-3-wide-27 step 1                31142 CU
PASS mode-3-wide-28 step 1                31142 CU
PASS mode-3-wide-29 step 1                31142 CU
PASS mode-3-wide-30 step 1                31142 CU
PASS mode-3-wide-31 step 1                31142 CU
PASS mode-0-zero step 1                   18570 CU
PASS mode-1-zero step 1                   30793 CU
PASS mode-3-zero step 1                   31237 CU
PASS failed-second-cpi-rollback step 1    28683 CU
PASS insufficient-real-cpi step 1         13805 CU
PASS overflow-real-cpi step 1             14043 CU
PASS missing-signature-helper step 1      7287 CU
PASS frozen-first-cpi step 1              13798 CU
PASS bad-source-108 step 1                779 CU
PASS bad-source-109 step 1                781 CU
PASS bad-source-0 step 1                  6547 CU
PASS bad-source-32 step 1                 6907 CU
PASS short-token step 1                   431 CU
PASS wrong-token-owner step 1             458 CU
PASS readonly-token step 1                775 CU
PASS wrong-token-program step 1           4714 CU
PASS bad-PDA-bump step 1                  10130 CU
PASS generic-System-transfer-1 step 1     2737 CU
PASS generic-System-transfer-1000 step 1  2737 CU
PASS generic-System-transfer-9000000 step 1 2737 CU
PASS successful-transfer-then-invalid-dispatch-rollback step 1 23156 CU
