=== RUN   TestOwnedLifecycleAliases
--- PASS: TestOwnedLifecycleAliases (0.00s)
=== RUN   TestOwnedLifecycleFailureAtomicity
=== RUN   TestOwnedLifecycleFailureAtomicity/index
=== RUN   TestOwnedLifecycleFailureAtomicity/readonly
=== RUN   TestOwnedLifecycleFailureAtomicity/executable
=== RUN   TestOwnedLifecycleFailureAtomicity/owner
=== RUN   TestOwnedLifecycleFailureAtomicity/id
=== RUN   TestOwnedLifecycleFailureAtomicity/key
=== RUN   TestOwnedLifecycleFailureAtomicity/growth
=== RUN   TestOwnedLifecycleFailureAtomicity/wide-length
=== RUN   TestOwnedLifecycleFailureAtomicity/wide-original
=== RUN   TestOwnedLifecycleFailureAtomicity/close-alias
=== RUN   TestOwnedLifecycleFailureAtomicity/close-destination
=== RUN   TestOwnedLifecycleFailureAtomicity/close-readonly
=== RUN   TestOwnedLifecycleFailureAtomicity/close-executable
=== RUN   TestOwnedLifecycleFailureAtomicity/refund-overflow
--- PASS: TestOwnedLifecycleFailureAtomicity (0.00s)
    --- PASS: TestOwnedLifecycleFailureAtomicity/index (0.00s)
    --- PASS: TestOwnedLifecycleFailureAtomicity/readonly (0.00s)
    --- PASS: TestOwnedLifecycleFailureAtomicity/executable (0.00s)
    --- PASS: TestOwnedLifecycleFailureAtomicity/owner (0.00s)
    --- PASS: TestOwnedLifecycleFailureAtomicity/id (0.00s)
    --- PASS: TestOwnedLifecycleFailureAtomicity/key (0.00s)
    --- PASS: TestOwnedLifecycleFailureAtomicity/growth (0.00s)
    --- PASS: TestOwnedLifecycleFailureAtomicity/wide-length (0.00s)
    --- PASS: TestOwnedLifecycleFailureAtomicity/wide-original (0.00s)
    --- PASS: TestOwnedLifecycleFailureAtomicity/close-alias (0.00s)
    --- PASS: TestOwnedLifecycleFailureAtomicity/close-destination (0.00s)
    --- PASS: TestOwnedLifecycleFailureAtomicity/close-readonly (0.00s)
    --- PASS: TestOwnedLifecycleFailureAtomicity/close-executable (0.00s)
    --- PASS: TestOwnedLifecycleFailureAtomicity/refund-overflow (0.00s)
=== RUN   TestRentBoundaryPreservesFailedOutput
--- PASS: TestRentBoundaryPreservesFailedOutput (0.00s)
PASS
ok  	gosvm/solana	0.026s
=== RUN   TestRentMinimumDifferential
--- PASS: TestRentMinimumDifferential (0.12s)
=== RUN   TestRentCurrentSysvar
--- PASS: TestRentCurrentSysvar (0.00s)
=== RUN   TestSystemCreateAndTransferEncoding
--- PASS: TestSystemCreateAndTransferEncoding (0.00s)
=== RUN   TestSystemPDAAndCreationGuards
=== RUN   TestSystemPDAAndCreationGuards/program-key
=== RUN   TestSystemPDAAndCreationGuards/program-executable
=== RUN   TestSystemPDAAndCreationGuards/payer-signer
=== RUN   TestSystemPDAAndCreationGuards/target-signer
=== RUN   TestSystemPDAAndCreationGuards/payer-owner
=== RUN   TestSystemPDAAndCreationGuards/payer-data
=== RUN   TestSystemPDAAndCreationGuards/target-owner
=== RUN   TestSystemPDAAndCreationGuards/target-data
=== RUN   TestSystemPDAAndCreationGuards/target-funded
=== RUN   TestSystemPDAAndCreationGuards/target-readonly
=== RUN   TestSystemPDAAndCreationGuards/target-executable
=== RUN   TestSystemPDAAndCreationGuards/duplicate
=== RUN   TestSystemPDAAndCreationGuards/size
=== RUN   TestSystemPDAAndCreationGuards/size-wide
=== RUN   TestSystemPDAAndCreationGuards/rent-failure
--- PASS: TestSystemPDAAndCreationGuards (0.00s)
    --- PASS: TestSystemPDAAndCreationGuards/program-key (0.00s)
    --- PASS: TestSystemPDAAndCreationGuards/program-executable (0.00s)
    --- PASS: TestSystemPDAAndCreationGuards/payer-signer (0.00s)
    --- PASS: TestSystemPDAAndCreationGuards/target-signer (0.00s)
    --- PASS: TestSystemPDAAndCreationGuards/payer-owner (0.00s)
    --- PASS: TestSystemPDAAndCreationGuards/payer-data (0.00s)
    --- PASS: TestSystemPDAAndCreationGuards/target-owner (0.00s)
    --- PASS: TestSystemPDAAndCreationGuards/target-data (0.00s)
    --- PASS: TestSystemPDAAndCreationGuards/target-funded (0.00s)
    --- PASS: TestSystemPDAAndCreationGuards/target-readonly (0.00s)
    --- PASS: TestSystemPDAAndCreationGuards/target-executable (0.00s)
    --- PASS: TestSystemPDAAndCreationGuards/duplicate (0.00s)
    --- PASS: TestSystemPDAAndCreationGuards/size (0.00s)
    --- PASS: TestSystemPDAAndCreationGuards/size-wide (0.00s)
    --- PASS: TestSystemPDAAndCreationGuards/rent-failure (0.00s)
PASS
ok  	gosvm/sdk/system	0.143s
