?   	example.org/protocol/swap/v2/client	[no test files]
=== RUN   TestConstraintsAndNoWritesOnFailure
=== RUN   TestConstraintsAndNoWritesOnFailure/no_accounts
=== RUN   TestConstraintsAndNoWritesOnFailure/extra_account
=== RUN   TestConstraintsAndNoWritesOnFailure/readonly
=== RUN   TestConstraintsAndNoWritesOnFailure/executable
=== RUN   TestConstraintsAndNoWritesOnFailure/owner
=== RUN   TestConstraintsAndNoWritesOnFailure/short_state
=== RUN   TestConstraintsAndNoWritesOnFailure/long_state
=== RUN   TestConstraintsAndNoWritesOnFailure/state_tag
=== RUN   TestConstraintsAndNoWritesOnFailure/instruction_tag
=== RUN   TestConstraintsAndNoWritesOnFailure/short_instruction
=== RUN   TestConstraintsAndNoWritesOnFailure/long_instruction
=== RUN   TestConstraintsAndNoWritesOnFailure/zero_amount
=== RUN   TestConstraintsAndNoWritesOnFailure/slippage
=== RUN   TestConstraintsAndNoWritesOnFailure/counter
--- PASS: TestConstraintsAndNoWritesOnFailure (0.00s)
    --- PASS: TestConstraintsAndNoWritesOnFailure/no_accounts (0.00s)
    --- PASS: TestConstraintsAndNoWritesOnFailure/extra_account (0.00s)
    --- PASS: TestConstraintsAndNoWritesOnFailure/readonly (0.00s)
    --- PASS: TestConstraintsAndNoWritesOnFailure/executable (0.00s)
    --- PASS: TestConstraintsAndNoWritesOnFailure/owner (0.00s)
    --- PASS: TestConstraintsAndNoWritesOnFailure/short_state (0.00s)
    --- PASS: TestConstraintsAndNoWritesOnFailure/long_state (0.00s)
    --- PASS: TestConstraintsAndNoWritesOnFailure/state_tag (0.00s)
    --- PASS: TestConstraintsAndNoWritesOnFailure/instruction_tag (0.00s)
    --- PASS: TestConstraintsAndNoWritesOnFailure/short_instruction (0.00s)
    --- PASS: TestConstraintsAndNoWritesOnFailure/long_instruction (0.00s)
    --- PASS: TestConstraintsAndNoWritesOnFailure/zero_amount (0.00s)
    --- PASS: TestConstraintsAndNoWritesOnFailure/slippage (0.00s)
    --- PASS: TestConstraintsAndNoWritesOnFailure/counter (0.00s)
PASS
ok  	example.org/protocol/swap/v2	0.259s
