Testing 108 compiled SBF scenarios with LiteSVM...
PASS wide-swap step 1                     45941 CU
PASS no-accounts step 1                   30 CU
PASS missing-account step 1               559 CU
PASS extra-account step 1                 1096 CU
PASS account-limit step 1                 6 CU
PASS long-pool step 1                     1676 CU
PASS pool-discriminator step 1            1690 CU
PASS instruction-discriminator step 1     632 CU
PASS pool-owner step 1                    675 CU
PASS pool-readonly step 1                 638 CU
PASS pool-length step 1                   1676 CU
PASS no-signer step 1                     642 CU
PASS fake-program step 1                  664 CU
PASS alias step 1                         1842 CU
PASS vault-substitute step 1              13892 CU
PASS token-owner step 1                   4081 CU
PASS token-length step 1                  11449 CU
PASS token-readonly step 1                654 CU
PASS uninitialized step 1                 4402 CU
PASS native-token step 1                  4404 CU
PASS mint step 1                          15585 CU
PASS same-mint step 1                     15232 CU
PASS user-authority step 1                15938 CU
PASS vault-authority step 1               16520 CU
PASS pda step 1                           20209 CU
PASS bump step 1                          19871 CU
PASS input-frozen step 1                  32121 CU
PASS output-frozen step 1                 43297 CU
PASS short-ix step 1                      628 CU
PASS long-ix step 1                       628 CU
PASS zero-input step 1                    24604 CU
PASS empty-pool step 1                    24605 CU
PASS input-overflow step 1                24609 CU
PASS insufficient-input step 1            24610 CU
PASS fee-rounding-zero step 1             24646 CU
PASS slippage step 1                      24763 CU
PASS output-overflow step 1               24765 CU
PASS counter-overflow step 1              24769 CU
PASS maximum-input step 1                 45923 CU
PASS near-limit-reserve step 1            45919 CU
PASS small-swap step 1                    45853 CU
PASS random-00 step 1                     45944 CU
PASS random-01 step 1                     45949 CU
PASS random-02 step 1                     45928 CU
PASS random-03 step 1                     45928 CU
PASS random-04 step 1                     45949 CU
PASS random-05 step 1                     45928 CU
PASS random-06 step 1                     45928 CU
PASS random-07 step 1                     45941 CU
PASS random-08 step 1                     45928 CU
PASS random-09 step 1                     45928 CU
PASS random-10 step 1                     45953 CU
PASS random-11 step 1                     45940 CU
PASS random-12 step 1                     45932 CU
PASS random-13 step 1                     45928 CU
PASS random-14 step 1                     45940 CU
PASS random-15 step 1                     45932 CU
PASS random-16 step 1                     45928 CU
PASS random-17 step 1                     45928 CU
PASS random-18 step 1                     45932 CU
PASS random-19 step 1                     45937 CU
PASS random-20 step 1                     45932 CU
PASS random-21 step 1                     45932 CU
PASS random-22 step 1                     45928 CU
PASS random-23 step 1                     45924 CU
PASS random-24 step 1                     45949 CU
PASS random-25 step 1                     45924 CU
PASS random-26 step 1                     45963 CU
PASS random-27 step 1                     45952 CU
PASS random-28 step 1                     45933 CU
PASS random-29 step 1                     45924 CU
PASS random-30 step 1                     45933 CU
PASS random-31 step 1                     45949 CU
PASS random-32 step 1                     45936 CU
PASS random-33 step 1                     45948 CU
PASS random-34 step 1                     45928 CU
PASS random-35 step 1                     45924 CU
PASS random-36 step 1                     45928 CU
PASS random-37 step 1                     45928 CU
PASS random-38 step 1                     45932 CU
PASS random-39 step 1                     45929 CU
PASS random-40 step 1                     45932 CU
PASS random-41 step 1                     45936 CU
PASS random-42 step 1                     45932 CU
PASS random-43 step 1                     45932 CU
PASS random-44 step 1                     45957 CU
PASS random-45 step 1                     45924 CU
PASS random-46 step 1                     45937 CU
PASS random-47 step 1                     45932 CU
PASS random-48 step 1                     45932 CU
PASS random-49 step 1                     45928 CU
PASS random-50 step 1                     45941 CU
PASS random-51 step 1                     45924 CU
PASS random-52 step 1                     45940 CU
PASS random-53 step 1                     45932 CU
PASS random-54 step 1                     45928 CU
PASS random-55 step 1                     45941 CU
PASS random-56 step 1                     45936 CU
PASS random-57 step 1                     45940 CU
PASS random-58 step 1                     45928 CU
PASS random-59 step 1                     45928 CU
PASS random-60 step 1                     45956 CU
PASS random-61 step 1                     45928 CU
PASS random-62 step 1                     45937 CU
PASS random-63 step 1                     45936 CU
PASS stateful-swaps-and-atomic-rollback step 1 45941 CU
PASS stateful-swaps-and-atomic-rollback step 2 45936 CU
PASS stateful-swaps-and-atomic-rollback step 3 70545 CU
PASS override-foreign-owner step 1        675 CU
PASS after-override-isolated step 1       45941 CU
