Testing 108 compiled SBF scenarios with LiteSVM...
PASS wide-swap step 1                     46016 CU
PASS no-accounts step 1                   43 CU
PASS missing-account step 1               573 CU
PASS extra-account step 1                 1110 CU
PASS account-limit step 1                 6 CU
PASS long-pool step 1                     1698 CU
PASS pool-discriminator step 1            1713 CU
PASS instruction-discriminator step 1     644 CU
PASS pool-owner step 1                    695 CU
PASS pool-readonly step 1                 652 CU
PASS pool-length step 1                   1698 CU
PASS no-signer step 1                     656 CU
PASS fake-program step 1                  680 CU
PASS alias step 1                         1863 CU
PASS vault-substitute step 1              13918 CU
PASS token-owner step 1                   4107 CU
PASS token-length step 1                  11475 CU
PASS token-readonly step 1                668 CU
PASS uninitialized step 1                 4428 CU
PASS native-token step 1                  4430 CU
PASS mint step 1                          15611 CU
PASS same-mint step 1                     15258 CU
PASS user-authority step 1                15964 CU
PASS vault-authority step 1               16546 CU
PASS pda step 1                           20254 CU
PASS bump step 1                          19915 CU
PASS input-frozen step 1                  32191 CU
PASS output-frozen step 1                 43367 CU
PASS short-ix step 1                      645 CU
PASS long-ix step 1                       645 CU
PASS zero-input step 1                    24679 CU
PASS empty-pool step 1                    24680 CU
PASS input-overflow step 1                24684 CU
PASS insufficient-input step 1            24685 CU
PASS fee-rounding-zero step 1             24721 CU
PASS slippage step 1                      24838 CU
PASS output-overflow step 1               24840 CU
PASS counter-overflow step 1              24844 CU
PASS maximum-input step 1                 45998 CU
PASS near-limit-reserve step 1            45994 CU
PASS small-swap step 1                    45928 CU
PASS random-00 step 1                     46019 CU
PASS random-01 step 1                     46024 CU
PASS random-02 step 1                     46003 CU
PASS random-03 step 1                     46003 CU
PASS random-04 step 1                     46024 CU
PASS random-05 step 1                     46003 CU
PASS random-06 step 1                     46003 CU
PASS random-07 step 1                     46016 CU
PASS random-08 step 1                     46003 CU
PASS random-09 step 1                     46003 CU
PASS random-10 step 1                     46028 CU
PASS random-11 step 1                     46015 CU
PASS random-12 step 1                     46007 CU
PASS random-13 step 1                     46003 CU
PASS random-14 step 1                     46015 CU
PASS random-15 step 1                     46007 CU
PASS random-16 step 1                     46003 CU
PASS random-17 step 1                     46003 CU
PASS random-18 step 1                     46007 CU
PASS random-19 step 1                     46012 CU
PASS random-20 step 1                     46007 CU
PASS random-21 step 1                     46007 CU
PASS random-22 step 1                     46003 CU
PASS random-23 step 1                     45999 CU
PASS random-24 step 1                     46024 CU
PASS random-25 step 1                     45999 CU
PASS random-26 step 1                     46038 CU
PASS random-27 step 1                     46027 CU
PASS random-28 step 1                     46008 CU
PASS random-29 step 1                     45999 CU
PASS random-30 step 1                     46008 CU
PASS random-31 step 1                     46024 CU
PASS random-32 step 1                     46011 CU
PASS random-33 step 1                     46023 CU
PASS random-34 step 1                     46003 CU
PASS random-35 step 1                     45999 CU
PASS random-36 step 1                     46003 CU
PASS random-37 step 1                     46003 CU
PASS random-38 step 1                     46007 CU
PASS random-39 step 1                     46004 CU
PASS random-40 step 1                     46007 CU
PASS random-41 step 1                     46011 CU
PASS random-42 step 1                     46007 CU
PASS random-43 step 1                     46007 CU
PASS random-44 step 1                     46032 CU
PASS random-45 step 1                     45999 CU
PASS random-46 step 1                     46012 CU
PASS random-47 step 1                     46007 CU
PASS random-48 step 1                     46007 CU
PASS random-49 step 1                     46003 CU
PASS random-50 step 1                     46016 CU
PASS random-51 step 1                     45999 CU
PASS random-52 step 1                     46015 CU
PASS random-53 step 1                     46007 CU
PASS random-54 step 1                     46003 CU
PASS random-55 step 1                     46016 CU
PASS random-56 step 1                     46011 CU
PASS random-57 step 1                     46015 CU
PASS random-58 step 1                     46003 CU
PASS random-59 step 1                     46003 CU
PASS random-60 step 1                     46031 CU
PASS random-61 step 1                     46003 CU
PASS random-62 step 1                     46012 CU
PASS random-63 step 1                     46011 CU
PASS stateful-swaps-and-atomic-rollback step 1 46016 CU
PASS stateful-swaps-and-atomic-rollback step 2 46011 CU
PASS stateful-swaps-and-atomic-rollback step 3 70695 CU
PASS override-foreign-owner step 1        695 CU
PASS after-override-isolated step 1       46016 CU
