Testing 24 compiled SBF scenarios with LiteSVM...
PASS noop step 1                          273 CU
PASS seed-construction step 1             3136 CU
PASS seed-plus-signer-copy step 1         5590 CU
PASS validate-once step 1                 1851 CU
PASS validate-twice step 1                3128 CU
PASS seed-too-long step 1                 730 CU
PASS seed-count-limit step 1              1294 CU
PASS nil-signer step 1                    281 CU
PASS signer-count-limit step 1            6082 CU
PASS signer-byte-capacity step 1          16259 CU
PASS wrong-discriminator-3 step 1         587 CU
PASS wrong-discriminator-4 step 1         587 CU
PASS wrong-pool-3 step 1                  909 CU
PASS wrong-pool-4 step 1                  909 CU
PASS invalid-first-flag-3 step 1          1323 CU
PASS invalid-first-flag-4 step 1          1323 CU
PASS invalid-last-flag-3 step 1           1845 CU
PASS invalid-last-flag-4 step 1           1845 CU
PASS short-array-3 step 1                 584 CU
PASS short-array-4 step 1                 584 CU
PASS compact-signer step 1                3327 CU
PASS compact-long-seed step 1             273 CU
PASS compact-seed-limit step 1            950 CU
PASS compact-nil-signer step 1            275 CU
