Testing 264 compiled SBF scenarios with LiteSVM...
PASS values-000 step 1                    462 CU
PASS values-001 step 1                    462 CU
PASS values-002 step 1                    462 CU
PASS values-003 step 1                    462 CU
PASS values-004 step 1                    462 CU
PASS values-005 step 1                    462 CU
PASS values-006 step 1                    462 CU
PASS values-007 step 1                    462 CU
PASS values-008 step 1                    462 CU
PASS values-009 step 1                    462 CU
PASS values-010 step 1                    462 CU
PASS values-011 step 1                    462 CU
PASS values-012 step 1                    462 CU
PASS values-013 step 1                    462 CU
PASS values-014 step 1                    462 CU
PASS values-015 step 1                    462 CU
PASS values-016 step 1                    462 CU
PASS values-017 step 1                    462 CU
PASS values-018 step 1                    462 CU
PASS values-019 step 1                    462 CU
PASS values-020 step 1                    462 CU
PASS values-021 step 1                    462 CU
PASS values-022 step 1                    462 CU
PASS values-023 step 1                    462 CU
PASS values-024 step 1                    462 CU
PASS values-025 step 1                    462 CU
PASS values-026 step 1                    462 CU
PASS values-027 step 1                    462 CU
PASS values-028 step 1                    462 CU
PASS values-029 step 1                    462 CU
PASS values-030 step 1                    462 CU
PASS values-031 step 1                    462 CU
PASS values-032 step 1                    462 CU
PASS values-033 step 1                    462 CU
PASS values-034 step 1                    462 CU
PASS values-035 step 1                    462 CU
PASS values-036 step 1                    462 CU
PASS values-037 step 1                    462 CU
PASS values-038 step 1                    462 CU
PASS values-039 step 1                    462 CU
PASS values-040 step 1                    462 CU
PASS values-041 step 1                    462 CU
PASS values-042 step 1                    462 CU
PASS values-043 step 1                    462 CU
PASS values-044 step 1                    462 CU
PASS values-045 step 1                    462 CU
PASS values-046 step 1                    462 CU
PASS values-047 step 1                    462 CU
PASS values-048 step 1                    462 CU
PASS values-049 step 1                    462 CU
PASS values-050 step 1                    462 CU
PASS values-051 step 1                    462 CU
PASS values-052 step 1                    462 CU
PASS values-053 step 1                    462 CU
PASS values-054 step 1                    462 CU
PASS values-055 step 1                    462 CU
PASS values-056 step 1                    462 CU
PASS values-057 step 1                    462 CU
PASS values-058 step 1                    462 CU
PASS values-059 step 1                    462 CU
PASS values-060 step 1                    462 CU
PASS values-061 step 1                    462 CU
PASS values-062 step 1                    462 CU
PASS values-063 step 1                    462 CU
PASS values-064 step 1                    462 CU
PASS values-065 step 1                    462 CU
PASS values-066 step 1                    462 CU
PASS values-067 step 1                    462 CU
PASS values-068 step 1                    462 CU
PASS values-069 step 1                    462 CU
PASS values-070 step 1                    462 CU
PASS values-071 step 1                    462 CU
PASS values-072 step 1                    462 CU
PASS values-073 step 1                    462 CU
PASS values-074 step 1                    462 CU
PASS values-075 step 1                    462 CU
PASS values-076 step 1                    462 CU
PASS values-077 step 1                    462 CU
PASS values-078 step 1                    462 CU
PASS values-079 step 1                    462 CU
PASS values-080 step 1                    462 CU
PASS values-081 step 1                    462 CU
PASS values-082 step 1                    462 CU
PASS values-083 step 1                    462 CU
PASS values-084 step 1                    462 CU
PASS values-085 step 1                    462 CU
PASS values-086 step 1                    462 CU
PASS values-087 step 1                    462 CU
PASS values-088 step 1                    462 CU
PASS values-089 step 1                    462 CU
PASS values-090 step 1                    462 CU
PASS values-091 step 1                    462 CU
PASS values-092 step 1                    462 CU
PASS values-093 step 1                    462 CU
PASS values-094 step 1                    462 CU
PASS values-095 step 1                    462 CU
PASS values-096 step 1                    462 CU
PASS values-097 step 1                    462 CU
PASS values-098 step 1                    462 CU
PASS values-099 step 1                    462 CU
PASS values-100 step 1                    462 CU
PASS values-101 step 1                    462 CU
PASS values-102 step 1                    462 CU
PASS values-103 step 1                    462 CU
PASS values-104 step 1                    462 CU
PASS values-105 step 1                    462 CU
PASS values-106 step 1                    462 CU
PASS values-107 step 1                    462 CU
PASS values-108 step 1                    462 CU
PASS values-109 step 1                    462 CU
PASS values-110 step 1                    462 CU
PASS values-111 step 1                    462 CU
PASS values-112 step 1                    462 CU
PASS values-113 step 1                    462 CU
PASS values-114 step 1                    462 CU
PASS values-115 step 1                    462 CU
PASS values-116 step 1                    462 CU
PASS values-117 step 1                    462 CU
PASS values-118 step 1                    462 CU
PASS values-119 step 1                    462 CU
PASS values-120 step 1                    462 CU
PASS values-121 step 1                    462 CU
PASS values-122 step 1                    462 CU
PASS values-123 step 1                    462 CU
PASS values-124 step 1                    462 CU
PASS values-125 step 1                    462 CU
PASS values-126 step 1                    462 CU
PASS values-127 step 1                    462 CU
PASS mode-1-low-0-high-0-max-0 step 1     482 CU
PASS mode-1-low-0-high-4-max-4 step 1     482 CU
PASS mode-1-low-3-high-4-max-6 step 1     482 CU
PASS mode-1-low-4-high-3-max-4 step 1     417 CU
PASS mode-1-low-0-high-24-max-24 step 1   482 CU
PASS mode-1-low-24-high-24-max-24 step 1  482 CU
PASS mode-1-low-24-high-25-max-25 step 1  418 CU
PASS mode-1-low-0-high-4-max-3 step 1     482 CU
PASS mode-1-low-0-high-4-max-25 step 1    482 CU
PASS mode-1-low-4-high-6-max-6 step 1     482 CU
PASS mode-1-low-0-high-3-max-4294967296 step 1 482 CU
PASS mode-1-low-0-high-3-max-9223372036854775808 step 1 482 CU
PASS mode-1-low-0-high-3-max-18446744073709551615 step 1 482 CU
PASS mode-2-low-0-high-0-max-0 step 1     491 CU
PASS mode-2-low-0-high-4-max-4 step 1     491 CU
PASS mode-2-low-3-high-4-max-6 step 1     491 CU
PASS mode-2-low-4-high-3-max-4 step 1     425 CU
PASS mode-2-low-0-high-24-max-24 step 1   491 CU
PASS mode-2-low-24-high-24-max-24 step 1  491 CU
PASS mode-2-low-24-high-25-max-25 step 1  428 CU
PASS mode-2-low-0-high-4-max-3 step 1     426 CU
PASS mode-2-low-0-high-4-max-25 step 1    428 CU
PASS mode-2-low-4-high-6-max-6 step 1     491 CU
PASS mode-2-low-0-high-3-max-4294967296 step 1 428 CU
PASS mode-2-low-0-high-3-max-9223372036854775808 step 1 428 CU
PASS mode-2-low-0-high-3-max-18446744073709551615 step 1 428 CU
PASS mode-3-low-0-high-0-max-0 step 1     485 CU
PASS mode-3-low-0-high-4-max-4 step 1     485 CU
PASS mode-3-low-3-high-4-max-6 step 1     485 CU
PASS mode-3-low-4-high-3-max-4 step 1     485 CU
PASS mode-3-low-0-high-24-max-24 step 1   421 CU
PASS mode-3-low-24-high-24-max-24 step 1  421 CU
PASS mode-3-low-24-high-25-max-25 step 1  421 CU
PASS mode-3-low-0-high-4-max-3 step 1     485 CU
PASS mode-3-low-0-high-4-max-25 step 1    421 CU
PASS mode-3-low-4-high-6-max-6 step 1     485 CU
PASS mode-3-low-0-high-3-max-4294967296 step 1 421 CU
PASS mode-3-low-0-high-3-max-9223372036854775808 step 1 421 CU
PASS mode-3-low-0-high-3-max-18446744073709551615 step 1 421 CU
PASS mode-4-low-0-high-0-max-0 step 1     429 CU
PASS mode-4-low-0-high-4-max-4 step 1     426 CU
PASS mode-4-low-3-high-4-max-6 step 1     426 CU
PASS mode-4-low-4-high-3-max-4 step 1     426 CU
PASS mode-4-low-0-high-24-max-24 step 1   426 CU
PASS mode-4-low-24-high-24-max-24 step 1  426 CU
PASS mode-4-low-24-high-25-max-25 step 1  426 CU
PASS mode-4-low-0-high-4-max-3 step 1     426 CU
PASS mode-4-low-0-high-4-max-25 step 1    426 CU
PASS mode-4-low-4-high-6-max-6 step 1     426 CU
PASS mode-4-low-0-high-3-max-4294967296 step 1 426 CU
PASS mode-4-low-0-high-3-max-9223372036854775808 step 1 426 CU
PASS mode-4-low-0-high-3-max-18446744073709551615 step 1 426 CU
PASS mode-5-low-0-high-0-max-0 step 1     411 CU
PASS mode-5-low-0-high-4-max-4 step 1     411 CU
PASS mode-5-low-3-high-4-max-6 step 1     411 CU
PASS mode-5-low-4-high-3-max-4 step 1     411 CU
PASS mode-5-low-0-high-24-max-24 step 1   411 CU
PASS mode-5-low-24-high-24-max-24 step 1  411 CU
PASS mode-5-low-24-high-25-max-25 step 1  411 CU
PASS mode-5-low-0-high-4-max-3 step 1     411 CU
PASS mode-5-low-0-high-4-max-25 step 1    411 CU
PASS mode-5-low-4-high-6-max-6 step 1     411 CU
PASS mode-5-low-0-high-3-max-4294967296 step 1 411 CU
PASS mode-5-low-0-high-3-max-9223372036854775808 step 1 411 CU
PASS mode-5-low-0-high-3-max-18446744073709551615 step 1 411 CU
PASS mode-6-low-0-high-0-max-0 step 1     412 CU
PASS mode-6-low-0-high-4-max-4 step 1     412 CU
PASS mode-6-low-3-high-4-max-6 step 1     412 CU
PASS mode-6-low-4-high-3-max-4 step 1     412 CU
PASS mode-6-low-0-high-24-max-24 step 1   412 CU
PASS mode-6-low-24-high-24-max-24 step 1  412 CU
PASS mode-6-low-24-high-25-max-25 step 1  412 CU
PASS mode-6-low-0-high-4-max-3 step 1     412 CU
PASS mode-6-low-0-high-4-max-25 step 1    412 CU
PASS mode-6-low-4-high-6-max-6 step 1     412 CU
PASS mode-6-low-0-high-3-max-4294967296 step 1 412 CU
PASS mode-6-low-0-high-3-max-9223372036854775808 step 1 412 CU
PASS mode-6-low-0-high-3-max-18446744073709551615 step 1 412 CU
PASS mode-7-low-0-high-0-max-0 step 1     412 CU
PASS mode-7-low-0-high-4-max-4 step 1     412 CU
PASS mode-7-low-3-high-4-max-6 step 1     412 CU
PASS mode-7-low-4-high-3-max-4 step 1     412 CU
PASS mode-7-low-0-high-24-max-24 step 1   412 CU
PASS mode-7-low-24-high-24-max-24 step 1  412 CU
PASS mode-7-low-24-high-25-max-25 step 1  412 CU
PASS mode-7-low-0-high-4-max-3 step 1     412 CU
PASS mode-7-low-0-high-4-max-25 step 1    412 CU
PASS mode-7-low-4-high-6-max-6 step 1     412 CU
PASS mode-7-low-0-high-3-max-4294967296 step 1 412 CU
PASS mode-7-low-0-high-3-max-9223372036854775808 step 1 412 CU
PASS mode-7-low-0-high-3-max-18446744073709551615 step 1 412 CU
PASS mode-8-low-0-high-0-max-0 step 1     429 CU
PASS mode-8-low-0-high-4-max-4 step 1     421 CU
PASS mode-8-low-3-high-4-max-6 step 1     421 CU
PASS mode-8-low-4-high-3-max-4 step 1     421 CU
PASS mode-8-low-0-high-24-max-24 step 1   421 CU
PASS mode-8-low-24-high-24-max-24 step 1  421 CU
PASS mode-8-low-24-high-25-max-25 step 1  421 CU
PASS mode-8-low-0-high-4-max-3 step 1     429 CU
PASS mode-8-low-0-high-4-max-25 step 1    421 CU
PASS mode-8-low-4-high-6-max-6 step 1     421 CU
PASS mode-8-low-0-high-3-max-4294967296 step 1 421 CU
PASS mode-8-low-0-high-3-max-9223372036854775808 step 1 421 CU
PASS mode-8-low-0-high-3-max-18446744073709551615 step 1 421 CU
PASS mode-9-low-0-high-0-max-0 step 1     418 CU
PASS mode-9-low-0-high-4-max-4 step 1     418 CU
PASS mode-9-low-3-high-4-max-6 step 1     418 CU
PASS mode-9-low-4-high-3-max-4 step 1     418 CU
PASS mode-9-low-0-high-24-max-24 step 1   418 CU
PASS mode-9-low-24-high-24-max-24 step 1  418 CU
PASS mode-9-low-24-high-25-max-25 step 1  418 CU
PASS mode-9-low-0-high-4-max-3 step 1     418 CU
PASS mode-9-low-0-high-4-max-25 step 1    418 CU
PASS mode-9-low-4-high-6-max-6 step 1     418 CU
PASS mode-9-low-0-high-3-max-4294967296 step 1 418 CU
PASS mode-9-low-0-high-3-max-9223372036854775808 step 1 418 CU
PASS mode-9-low-0-high-3-max-18446744073709551615 step 1 418 CU
PASS array-boundary-mode-10-high-0 step 1 477 CU
PASS array-boundary-mode-10-high-1 step 1 483 CU
PASS array-boundary-mode-10-high-1023 step 1 483 CU
PASS array-boundary-mode-10-high-1024 step 1 483 CU
PASS array-boundary-mode-10-high-1025 step 1 422 CU
PASS array-boundary-mode-10-high-4294967296 step 1 422 CU
PASS array-boundary-mode-10-high-9223372036854775808 step 1 422 CU
PASS array-boundary-mode-10-high-18446744073709551615 step 1 422 CU
PASS array-boundary-mode-11-high-0 step 1 5626 CU
PASS array-boundary-mode-11-high-1 step 1 5632 CU
PASS array-boundary-mode-11-high-1023 step 1 5632 CU
PASS array-boundary-mode-11-high-1024 step 1 5632 CU
PASS array-boundary-mode-11-high-1025 step 1 5576 CU
PASS array-boundary-mode-11-high-4294967296 step 1 5576 CU
PASS array-boundary-mode-11-high-9223372036854775808 step 1 5576 CU
PASS array-boundary-mode-11-high-18446744073709551615 step 1 5576 CU
PASS nil-input-sha256-to-array-view step 1 539 CU
PASS successful-view-update-then-nil-rollback step 1 873 CU
PASS successful-view-update-then-custom-error-rollback step 1 880 CU
