Testing 32 compiled SBF scenarios with LiteSVM...
PASS signed-lifecycle step 1              5483 CU
PASS signed-lifecycle step 2              4196 CU
PASS signed-lifecycle step 3              3619 CU
PASS signed-lifecycle step 4              2973 CU
PASS signed-lifecycle step 5              5483 CU
PASS pda-lifecycle step 1                 9580 CU
PASS pda-lifecycle step 2                 4196 CU
PASS pda-lifecycle step 3                 3619 CU
PASS pda-lifecycle step 4                 2973 CU
PASS pda-lifecycle step 5                 9580 CU
PASS close-and-recreate-same-invocation step 1 6410 CU
PASS resize-grow step 1                   3074 CU
PASS resize-shrink step 1                 2426 CU
PASS shrink-and-regrow-zeroes step 1      3113 CU
PASS exact-growth-boundary step 1         53682 CU
PASS growth-over-boundary step 1          2197 CU
PASS wide-resize-limit step 1             949 CU
PASS readonly-resize step 1               1847 CU
PASS wrong-owner-resize step 1            1861 CU
PASS duplicate-refund step 1              2534 CU
PASS readonly-close step 1                1839 CU
PASS wrong-owner-close step 1             1853 CU
PASS already-funded-target step 1         2531 CU
PASS missing-payer-signature step 1       2129 CU
PASS insufficient-create-funds step 1     5216 CU
PASS incorrect-pda-bump step 1            5292 CU
PASS create-size-over-boundary step 1     2373 CU
PASS create-exact-boundary step 1         5579 CU
PASS create-then-return-error step 1      5485 CU
PASS resize-then-return-error step 1      2588 CU
PASS close-then-return-error step 1       2975 CU
PASS system-transfer-current-lamports step 1 4196 CU
PASS system-transfer-then-return-error step 1 4198 CU
PASS unfunded-resize-rolls-back step 1    5483 CU
PASS unfunded-resize-rolls-back step 2    2717 CU
PASS atomic-create-resize-rollback step 1 7910 CU
PASS ordered-current-rent step 1          2040 CU
PASS ordered-current-rent step 2          5451 CU
PASS ordered-current-rent step 3          2957 CU
PASS rent-boundary-0 step 1               1573 CU
PASS rent-boundary-1 step 1               2352 CU
PASS rent-boundary-2 step 1               2342 CU
PASS rent-boundary-3 step 1               957 CU
