?   	example.org/gosvm/full-swap	[no test files]
?   	example.org/gosvm/full-swap/client	[no test files]
ok  	example.org/gosvm/full-swap/model	(cached)
Built /Users/colkitt/sith/toys/crypto/goSVM/build/framework-swap/2026-10-05-framework-swap-current/full-swap/build/program.so (21352 bytes, 1.069s)
Testing 13 compiled SBF scenarios with LiteSVM...
PASS wide-swap step 1                     45734 CU
PASS pool-owner step 1                    468 CU
PASS no-signer step 1                     435 CU
PASS alias step 1                         1662 CU
PASS vault-substitute step 1              13685 CU
PASS token-owner step 1                   3874 CU
PASS mint step 1                          15378 CU
PASS pda step 1                           20002 CU
PASS bump step 1                          19664 CU
PASS input-frozen step 1                  31914 CU
PASS output-frozen step 1                 43090 CU
PASS input-overflow step 1                24402 CU
PASS stateful-swaps-and-atomic-rollback step 1 45734 CU
PASS stateful-swaps-and-atomic-rollback step 2 45729 CU
PASS stateful-swaps-and-atomic-rollback step 3 70131 CU
