Testing 108 compiled SBF scenarios with LiteSVM...
PASS wide-swap step 1                     45734 CU
PASS no-accounts step 1                   29 CU
PASS missing-account step 1               378 CU
PASS extra-account step 1                 890 CU
PASS account-limit step 1                 6 CU
PASS long-pool step 1                     1469 CU
PASS pool-discriminator step 1            1483 CU
PASS instruction-discriminator step 1     425 CU
PASS pool-owner step 1                    468 CU
PASS pool-readonly step 1                 431 CU
PASS pool-length step 1                   1469 CU
PASS no-signer step 1                     435 CU
PASS fake-program step 1                  457 CU
PASS alias step 1                         1662 CU
PASS vault-substitute step 1              13685 CU
PASS token-owner step 1                   3874 CU
PASS token-length step 1                  11242 CU
PASS token-readonly step 1                447 CU
PASS uninitialized step 1                 4195 CU
PASS native-token step 1                  4197 CU
PASS mint step 1                          15378 CU
PASS same-mint step 1                     15025 CU
PASS user-authority step 1                15731 CU
PASS vault-authority step 1               16313 CU
PASS pda step 1                           20002 CU
PASS bump step 1                          19664 CU
PASS input-frozen step 1                  31914 CU
PASS output-frozen step 1                 43090 CU
PASS short-ix step 1                      421 CU
PASS long-ix step 1                       421 CU
PASS zero-input step 1                    24397 CU
PASS empty-pool step 1                    24398 CU
PASS input-overflow step 1                24402 CU
PASS insufficient-input step 1            24403 CU
PASS fee-rounding-zero step 1             24439 CU
PASS slippage step 1                      24556 CU
PASS output-overflow step 1               24558 CU
PASS counter-overflow step 1              24562 CU
PASS maximum-input step 1                 45716 CU
PASS near-limit-reserve step 1            45712 CU
PASS small-swap step 1                    45646 CU
PASS random-00 step 1                     45737 CU
PASS random-01 step 1                     45742 CU
PASS random-02 step 1                     45721 CU
PASS random-03 step 1                     45721 CU
PASS random-04 step 1                     45742 CU
PASS random-05 step 1                     45721 CU
PASS random-06 step 1                     45721 CU
PASS random-07 step 1                     45734 CU
PASS random-08 step 1                     45721 CU
PASS random-09 step 1                     45721 CU
PASS random-10 step 1                     45746 CU
PASS random-11 step 1                     45733 CU
PASS random-12 step 1                     45725 CU
PASS random-13 step 1                     45721 CU
PASS random-14 step 1                     45733 CU
PASS random-15 step 1                     45725 CU
PASS random-16 step 1                     45721 CU
PASS random-17 step 1                     45721 CU
PASS random-18 step 1                     45725 CU
PASS random-19 step 1                     45730 CU
PASS random-20 step 1                     45725 CU
PASS random-21 step 1                     45725 CU
PASS random-22 step 1                     45721 CU
PASS random-23 step 1                     45717 CU
PASS random-24 step 1                     45742 CU
PASS random-25 step 1                     45717 CU
PASS random-26 step 1                     45756 CU
PASS random-27 step 1                     45745 CU
PASS random-28 step 1                     45726 CU
PASS random-29 step 1                     45717 CU
PASS random-30 step 1                     45726 CU
PASS random-31 step 1                     45742 CU
PASS random-32 step 1                     45729 CU
PASS random-33 step 1                     45741 CU
PASS random-34 step 1                     45721 CU
PASS random-35 step 1                     45717 CU
PASS random-36 step 1                     45721 CU
PASS random-37 step 1                     45721 CU
PASS random-38 step 1                     45725 CU
PASS random-39 step 1                     45722 CU
PASS random-40 step 1                     45725 CU
PASS random-41 step 1                     45729 CU
PASS random-42 step 1                     45725 CU
PASS random-43 step 1                     45725 CU
PASS random-44 step 1                     45750 CU
PASS random-45 step 1                     45717 CU
PASS random-46 step 1                     45730 CU
PASS random-47 step 1                     45725 CU
PASS random-48 step 1                     45725 CU
PASS random-49 step 1                     45721 CU
PASS random-50 step 1                     45734 CU
PASS random-51 step 1                     45717 CU
PASS random-52 step 1                     45733 CU
PASS random-53 step 1                     45725 CU
PASS random-54 step 1                     45721 CU
PASS random-55 step 1                     45734 CU
PASS random-56 step 1                     45729 CU
PASS random-57 step 1                     45733 CU
PASS random-58 step 1                     45721 CU
PASS random-59 step 1                     45721 CU
PASS random-60 step 1                     45749 CU
PASS random-61 step 1                     45721 CU
PASS random-62 step 1                     45730 CU
PASS random-63 step 1                     45729 CU
PASS stateful-swaps-and-atomic-rollback step 1 45734 CU
PASS stateful-swaps-and-atomic-rollback step 2 45729 CU
PASS stateful-swaps-and-atomic-rollback step 3 70131 CU
PASS override-foreign-owner step 1        468 CU
PASS after-override-isolated step 1       45734 CU
