   Compiling proc-macro2 v1.0.103
   Compiling unicode-ident v1.0.22
   Compiling quote v1.0.42
   Compiling version_check v0.9.5
   Compiling libc v0.2.177
   Compiling typenum v1.19.0
   Compiling cfg-if v1.0.4
   Compiling subtle v2.6.1
   Compiling const-oid v0.9.6
   Compiling serde_core v1.0.228
   Compiling serde v1.0.228
   Compiling generic-array v0.14.7
   Compiling autocfg v1.5.0
   Compiling semver v1.0.27
   Compiling five8_core v0.1.2
   Compiling solana-sanitize v3.0.1
   Compiling five8 v0.2.1
   Compiling five8_core v1.0.0
   Compiling solana-atomic-u64 v3.0.0
   Compiling rustc_version v0.4.1
   Compiling five8 v1.0.0
   Compiling solana-program-error v3.0.0
   Compiling five8_const v1.0.0
   Compiling num-traits v0.2.19
   Compiling zerocopy v0.8.27
   Compiling curve25519-dalek v4.1.3
   Compiling syn v2.0.110
   Compiling getrandom v0.2.16
   Compiling cpufeatures v0.2.17
   Compiling bs58 v0.5.1
   Compiling lazy_static v1.5.0
   Compiling either v1.15.0
   Compiling log v0.4.28
   Compiling rand_core v0.6.4
   Compiling solana-program-memory v3.1.0
   Compiling feature-probe v0.1.1
   Compiling thiserror v2.0.17
   Compiling base64 v0.22.1
   Compiling bv v0.11.1
   Compiling once_cell v1.21.3
   Compiling shlex v1.3.0
   Compiling solana-define-syscall v4.0.1
   Compiling getrandom v0.3.4
   Compiling find-msvc-tools v0.1.5
   Compiling ahash v0.8.12
   Compiling num-integer v0.1.46
   Compiling cc v1.2.46
   Compiling arrayref v0.3.9
   Compiling byteorder v1.5.0
   Compiling arrayvec v0.7.6
   Compiling constant_time_eq v0.3.1
   Compiling memchr v2.7.6
   Compiling syn v1.0.109
   Compiling num-bigint v0.2.6
   Compiling solana-msg v3.0.0
   Compiling num-complex v0.2.4
   Compiling num-rational v0.2.4
   Compiling void v1.0.2
   Compiling unreachable v1.0.0
   Compiling serde_bytes v0.11.19
   Compiling solana-short-vec v3.1.0
   Compiling crunchy v0.2.4
   Compiling ppv-lite86 v0.2.21
   Compiling bitflags v2.10.0
   Compiling blake3 v1.8.2
   Compiling rand_chacha v0.3.1
   Compiling solana-svm-feature-set v3.0.10
   Compiling ascii v0.9.3
   Compiling rand v0.8.5
   Compiling combine v3.8.1
   Compiling hash32 v0.3.1
   Compiling num-iter v0.1.45
   Compiling itertools v0.12.1
   Compiling rustc-demangle v0.1.26
   Compiling num v0.2.1
   Compiling num-bigint v0.4.6
   Compiling solana-precompile-error v3.0.0
   Compiling paste v1.0.15
   Compiling zeroize_derive v1.4.2
   Compiling serde_derive v1.0.228
   Compiling bytemuck_derive v1.10.2
   Compiling solana-sdk-macro v3.0.0
   Compiling zeroize v1.8.2
   Compiling thiserror-impl v2.0.17
   Compiling enum-iterator-derive v1.5.0
   Compiling crypto-common v0.1.7
   Compiling block-buffer v0.10.4
   Compiling bytemuck v1.24.0
   Compiling digest v0.10.7
   Compiling enum-iterator v1.5.0
   Compiling solana-fee-structure v3.0.0
   Compiling eager v0.1.0
   Compiling ark-serialize-derive v0.4.2
   Compiling sha2 v0.10.9
   Compiling signature v2.2.0
   Compiling ed25519 v2.2.3
   Compiling hmac v0.12.1
   Compiling solana-sbpf v0.12.2
   Compiling percentage v0.1.0
   Compiling ark-std v0.4.0
   Compiling solana-svm-type-overrides v3.0.10
   Compiling solana-svm-log-collector v3.0.10
   Compiling solana-svm-measure v3.0.10
   Compiling opaque-debug v0.3.1
   Compiling ark-serialize v0.4.2
   Compiling ark-ff-asm v0.4.2
   Compiling ark-ff-macros v0.4.2
   Compiling derivative v2.2.0
   Compiling der v0.7.10
   Compiling itertools v0.10.5
   Compiling keccak v0.1.5
   Compiling solana-hash v3.0.0
   Compiling solana-sha256-hasher v3.0.1
   Compiling solana-instruction-error v2.1.0
   Compiling bincode v1.3.3
   Compiling solana-transaction-error v3.0.0
   Compiling solana-fee-calculator v3.0.0
   Compiling serde-big-array v0.5.1
   Compiling ark-ff v0.4.2
   Compiling digest v0.9.0
   Compiling pbkdf2 v0.11.0
   Compiling hashbrown v0.13.2
   Compiling solana-address v2.0.0
   Compiling ed25519-dalek v2.2.0
   Compiling solana-address v1.1.0
   Compiling solana-pubkey v3.0.0
   Compiling solana-account-info v3.1.0
   Compiling solana-sdk-ids v3.0.0
   Compiling solana-instruction v3.0.0
   Compiling solana-pubkey v4.0.0
   Compiling solana-program-entrypoint v3.1.1
   Compiling solana-sysvar-id v3.0.0
   Compiling solana-signature v3.1.0
   Compiling solana-epoch-schedule v3.0.0
   Compiling solana-clock v3.0.0
   Compiling solana-slot-hashes v3.0.0
   Compiling solana-rent v3.0.0
   Compiling solana-slot-history v3.0.0
   Compiling solana-last-restart-slot v3.0.0
   Compiling solana-epoch-rewards v3.0.0
   Compiling solana-signer v3.0.0
   Compiling solana-system-interface v2.0.0
   Compiling solana-sysvar v3.0.0
   Compiling solana-message v3.0.1
   Compiling solana-account v3.0.0
   Compiling solana-serialize-utils v3.1.0
   Compiling solana-instructions-sysvar v3.0.0
   Compiling solana-cpi v3.1.0
   Compiling solana-svm-callback v3.0.10
   Compiling solana-stake-interface v2.0.1
   Compiling solana-svm-timings v3.0.10
   Compiling getrandom v0.1.16
   Compiling solana-transaction v3.0.1
   Compiling solana-transaction-context v3.0.10
   Compiling libsecp256k1-core v0.2.2
   Compiling solana-svm-transaction v3.0.10
   Compiling solana-program-runtime v3.0.10
   Compiling solana-seed-phrase v3.0.0
   Compiling spki v0.7.3
   Compiling sha3 v0.10.8
   Compiling ff v0.13.1
   Compiling strsim v0.11.1
   Compiling base16ct v0.2.0
   Compiling fnv v1.0.7
   Compiling ident_case v1.0.1
   Compiling darling_core v0.21.3
   Compiling sec1 v0.7.3
   Compiling group v0.13.0
   Compiling pkcs8 v0.10.2
   Compiling crypto-bigint v0.5.5
   Compiling num-derive v0.4.2
   Compiling thiserror v1.0.69
   Compiling rand_core v0.5.1
   Compiling libsecp256k1-gen-ecmult v0.2.1
   Compiling libsecp256k1-gen-genmult v0.2.1
   Compiling agave-feature-set v3.0.10
   Compiling elliptic-curve v0.13.8
   Compiling rfc6979 v0.4.0
   Compiling inout v0.1.4
   Compiling thiserror-impl v1.0.69
   Compiling cipher v0.4.4
   Compiling ecdsa v0.16.9
   Compiling ark-poly v0.4.2
   Compiling darling_macro v0.21.3
   Compiling darling v0.21.3
   Compiling libsecp256k1 v0.6.0
   Compiling rand_chacha v0.2.2
   Compiling solana-curve25519 v3.0.10
   Compiling solana-bincode v3.1.0
   Compiling block-buffer v0.9.0
   Compiling solana-packet v3.0.0
   Compiling solana-hash v4.0.1
   Compiling hashbrown v0.16.0
   Compiling winnow v0.7.13
   Compiling percent-encoding v2.3.2
   Compiling equivalent v1.0.2
   Compiling qstring v0.7.2
   Compiling indexmap v2.12.0
   Compiling ark-ec v0.4.2
   Compiling uriparse v0.6.4
   Compiling sha2 v0.9.9
   Compiling rand v0.7.3
   Compiling serde_with_macros v3.16.0
   Compiling toml_parser v1.0.4
   Compiling k256 v0.13.4
   Compiling universal-hash v0.5.1
   Compiling serde_json v1.0.145
   Compiling base64 v0.12.3
   Compiling derivation-path v0.2.0
   Compiling ark-bn254 v0.4.0
   Compiling toml_datetime v0.7.3
   Compiling solana-derivation-path v3.0.0
   Compiling polyval v0.6.2
   Compiling toml_edit v0.23.7
   Compiling solana-secp256k1-recover v3.1.0
   Compiling serde_with v3.16.0
   Compiling light-poseidon v0.2.0
   Compiling solana-bn254 v3.1.2
   Compiling solana-keccak-hasher v3.1.0
   Compiling solana-blake3-hasher v3.1.0
   Compiling ctr v0.9.2
   Compiling aes v0.8.4
   Compiling solana-keypair v3.0.1
   Compiling solana-poseidon v3.0.10
   Compiling solana-stable-layout v3.0.0
   Compiling solana-loader-v3-interface v6.1.0
   Compiling solana-serde-varint v3.0.0
   Compiling solana-big-mod-exp v3.0.0
   Compiling aead v0.5.2
   Compiling cfg_eval v0.1.2
   Compiling itoa v1.0.15
   Compiling solana-hard-forks v3.0.0
   Compiling ryu v1.0.20
   Compiling cfg_aliases v0.2.1
   Compiling borsh v1.5.7
   Compiling solana-shred-version v3.0.0
   Compiling solana-vote-interface v3.0.0
   Compiling aes-gcm-siv v0.11.1
   Compiling proc-macro-crate v3.4.0
   Compiling solana-seed-derivable v3.0.0
   Compiling solana-loader-v4-interface v3.1.0
   Compiling solana-nonce v3.0.0
   Compiling solana-cluster-type v3.0.0
   Compiling merlin v3.0.0
   Compiling qualifier_attr v0.2.2
   Compiling chrono v0.4.42
   Compiling memmap2 v0.5.10
   Compiling agave-syscalls v3.0.10
   Compiling solana-inflation v3.0.0
   Compiling solana-time-utils v3.0.0
   Compiling solana-poh-config v3.0.0
   Compiling borsh-derive v1.5.7
   Compiling solana-bpf-loader-program v3.0.10
   Compiling solana-genesis-config v3.0.0
   Compiling solana-nonce-account v3.0.0
   Compiling solana-config-interface v2.0.0
   Compiling solana-native-token v3.0.0
   Compiling solana-stake-program v3.0.10
   Compiling solana-loader-v4-program v3.0.10
   Compiling solana-system-program v3.0.10
   Compiling solana-vote-program v3.0.10
   Compiling solana-compute-budget-program v3.0.10
   Compiling solana-zk-token-sdk v3.0.10
   Compiling solana-zk-sdk v4.0.0
   Compiling solana-builtins-default-costs v3.0.10
   Compiling solana-borsh v3.0.0
   Compiling solana-compute-budget-interface v3.0.0
   Compiling solana-compute-budget v3.0.10
   Compiling solana-compute-budget-instruction v3.0.10
   Compiling solana-fee v3.0.10
   Compiling agave-reserved-account-keys v3.0.10
   Compiling solana-address-lookup-table-interface v3.0.0
   Compiling itertools v0.14.0
   Compiling ansi_term v0.12.1
   Compiling httpdate v1.0.3
   Compiling chunked_transfer v1.5.0
   Compiling ascii v1.1.0
   Compiling tiny_http v0.12.0
   Compiling solana-zk-elgamal-proof-program v3.0.10
   Compiling solana-zk-token-proof-program v3.0.10
   Compiling solana-builtins v3.0.10
   Compiling litesvm v0.8.2
   Compiling gosvm-svm-runner v0.1.0 (/Users/colkitt/sith/toys/crypto/goSVM/benchmarks/svm-runner)
    Finished `release` profile [optimized] target(s) in 1m 39s
